Component: ARM Compiler 5.05 update 1 (build 106) Tool: armlink [4d0efa]

==============================================================================

Section Cross References

    dma.o(i.DMA1_Channel4_IRQHandler) refers to stm32f10x_dma.o(i.DMA_GetFlagStatus) for DMA_GetFlagStatus
    dma.o(i.DMA1_Channel4_IRQHandler) refers to stm32f10x_dma.o(i.DMA_ClearFlag) for DMA_ClearFlag
    dma.o(i.DMA1_Channel4_IRQHandler) refers to dma.o(i.DMA_Stuff) for DMA_Stuff
    dma.o(i.DMA_Stuff) refers to dma.o(.data) for TotalLen
    dma.o(i.DMA_Stuff) refers to dma.o(.bss) for SendBuff
    dma.o(i.MYDMA_Config) refers to stm32f10x_rcc.o(i.RCC_AHBPeriphClockCmd) for RCC_AHBPeriphClockCmd
    dma.o(i.MYDMA_Config) refers to stm32f10x_dma.o(i.DMA_DeInit) for DMA_DeInit
    dma.o(i.MYDMA_Config) refers to stm32f10x_dma.o(i.DMA_Init) for DMA_Init
    dma.o(i.MYDMA_Config) refers to stm32f10x_dma.o(i.DMA_ITConfig) for DMA_ITConfig
    dma.o(i.MYDMA_Config) refers to stm32f10x_usart.o(i.USART_DMACmd) for USART_DMACmd
    dma.o(i.MYDMA_Config) refers to dma.o(i.NVIC_Config) for NVIC_Config
    dma.o(i.MYDMA_Config) refers to dma.o(.bss) for SendBuff
    dma.o(i.MYDMA_Enable) refers to stm32f10x_dma.o(i.DMA_Cmd) for DMA_Cmd
    dma.o(i.MYDMA_Enable) refers to dma.o(.data) for TotalLen
    dma.o(i.NVIC_Config) refers to misc.o(i.NVIC_Init) for NVIC_Init
    iwdg.o(i.IWDG_Init) refers to stm32f10x_iwdg.o(i.IWDG_WriteAccessCmd) for IWDG_WriteAccessCmd
    iwdg.o(i.IWDG_Init) refers to stm32f10x_iwdg.o(i.IWDG_SetPrescaler) for IWDG_SetPrescaler
    iwdg.o(i.IWDG_Init) refers to stm32f10x_iwdg.o(i.IWDG_SetReload) for IWDG_SetReload
    iwdg.o(i.IWDG_Init) refers to stm32f10x_iwdg.o(i.IWDG_ReloadCounter) for IWDG_ReloadCounter
    iwdg.o(i.IWDG_Init) refers to stm32f10x_iwdg.o(i.IWDG_Enable) for IWDG_Enable
    led.o(i.LED_GPIO_Config) refers to stm32f10x_rcc.o(i.RCC_APB2PeriphClockCmd) for RCC_APB2PeriphClockCmd
    led.o(i.LED_GPIO_Config) refers to stm32f10x_gpio.o(i.GPIO_Init) for GPIO_Init
    led.o(i.LED_SELECT) refers to stm32f10x_gpio.o(i.GPIO_WriteBit) for GPIO_WriteBit
    led.o(i.LED_SELECT) refers to led.o(i.TIM6_Config) for TIM6_Config
    led.o(i.TIM6_Config) refers to stm32f10x_rcc.o(i.RCC_APB1PeriphClockCmd) for RCC_APB1PeriphClockCmd
    led.o(i.TIM6_Config) refers to stm32f10x_tim.o(i.TIM_TimeBaseInit) for TIM_TimeBaseInit
    led.o(i.TIM6_Config) refers to stm32f10x_tim.o(i.TIM_ITConfig) for TIM_ITConfig
    led.o(i.TIM6_Config) refers to stm32f10x_tim.o(i.TIM_Cmd) for TIM_Cmd
    led.o(i.TIM6_IRQHandler) refers to stm32f10x_tim.o(i.TIM_GetITStatus) for TIM_GetITStatus
    led.o(i.TIM6_IRQHandler) refers to stm32f10x_tim.o(i.TIM_ClearITPendingBit) for TIM_ClearITPendingBit
    pwm_in.o(i.NVIC_Capture_Config) refers to misc.o(i.NVIC_Init) for NVIC_Init
    pwm_in.o(i.PWM_IN_Configuration) refers to pwm_in.o(i.TIM2_GPIO_Config) for TIM2_GPIO_Config
    pwm_in.o(i.PWM_IN_Configuration) refers to stm32f10x_tim.o(i.TIM_ITConfig) for TIM_ITConfig
    pwm_in.o(i.PWM_IN_Configuration) refers to pwm_in.o(i.TIM2_Mode_Config) for TIM2_Mode_Config
    pwm_in.o(i.PWM_IN_Configuration) refers to pwm_in.o(i.TIM2_Input_config) for TIM2_Input_config
    pwm_in.o(i.PWM_IN_Configuration) refers to pwm_in.o(i.TIM8_GPIO_Config) for TIM8_GPIO_Config
    pwm_in.o(i.PWM_IN_Configuration) refers to pwm_in.o(i.TIM8_Mode_Config) for TIM8_Mode_Config
    pwm_in.o(i.PWM_IN_Configuration) refers to pwm_in.o(i.TIM8_Input_config) for TIM8_Input_config
    pwm_in.o(i.PWM_IN_Configuration) refers to pwm_in.o(i.NVIC_Capture_Config) for NVIC_Capture_Config
    pwm_in.o(i.PWM_IN_Configuration) refers to pwm_in.o(.bss) for PwmIn
    pwm_in.o(i.TIM2_GPIO_Config) refers to stm32f10x_gpio.o(i.GPIO_Init) for GPIO_Init
    pwm_in.o(i.TIM2_GPIO_Config) refers to stm32f10x_rcc.o(i.RCC_APB1PeriphClockCmd) for RCC_APB1PeriphClockCmd
    pwm_in.o(i.TIM2_GPIO_Config) refers to stm32f10x_rcc.o(i.RCC_APB2PeriphClockCmd) for RCC_APB2PeriphClockCmd
    pwm_in.o(i.TIM2_IRQHandler) refers to pwm_in.o(.data) for t2sr
    pwm_in.o(i.TIM2_IRQHandler) refers to pwm_in.o(.bss) for Drop
    pwm_in.o(i.TIM2_Input_config) refers to stm32f10x_tim.o(i.TIM_ICInit) for TIM_ICInit
    pwm_in.o(i.TIM2_Mode_Config) refers to stm32f10x_tim.o(i.TIM_TimeBaseInit) for TIM_TimeBaseInit
    pwm_in.o(i.TIM2_Mode_Config) refers to stm32f10x_tim.o(i.TIM_Cmd) for TIM_Cmd
    pwm_in.o(i.TIM8_CC_IRQHandler) refers to pwm_in.o(.data) for t8sr
    pwm_in.o(i.TIM8_CC_IRQHandler) refers to pwm_in.o(.bss) for Drop
    pwm_in.o(i.TIM8_GPIO_Config) refers to stm32f10x_gpio.o(i.GPIO_Init) for GPIO_Init
    pwm_in.o(i.TIM8_GPIO_Config) refers to stm32f10x_rcc.o(i.RCC_APB2PeriphClockCmd) for RCC_APB2PeriphClockCmd
    pwm_in.o(i.TIM8_Input_config) refers to stm32f10x_tim.o(i.TIM_ICInit) for TIM_ICInit
    pwm_in.o(i.TIM8_Mode_Config) refers to stm32f10x_tim.o(i.TIM_TimeBaseInit) for TIM_TimeBaseInit
[...]
    i.GPIO_WriteBit                          0x08002378   Section        0  stm32f10x_gpio.o(i.GPIO_WriteBit)
    i.Gyro_Get_ErrData                       0x08002384   Section        0  imu.o(i.Gyro_Get_ErrData)
    i.IIC_Ack                                0x08002460   Section        0  bmpiic.o(i.IIC_Ack)
    i.IIC_Delay                              0x080024ac   Section        0  bmpiic.o(i.IIC_Delay)
    i.IIC_Init                               0x080024c0   Section        0  bmpiic.o(i.IIC_Init)
    i.IIC_NAck                               0x0800250c   Section        0  bmpiic.o(i.IIC_NAck)
    i.IIC_Read_Byte                          0x08002558   Section        0  bmpiic.o(i.IIC_Read_Byte)
    i.IIC_Send_Byte                          0x080025c4   Section        0  bmpiic.o(i.IIC_Send_Byte)
    i.IIC_Start                              0x08002620   Section        0  bmpiic.o(i.IIC_Start)
    i.IIC_Stop                               0x08002668   Section        0  bmpiic.o(i.IIC_Stop)
    i.IIC_Wait_Ack                           0x080026b0   Section        0  bmpiic.o(i.IIC_Wait_Ack)
    i.IMU_Processing                         0x08002714   Section        0  task.o(i.IMU_Processing)
    i.IMUupdate                              0x08002820   Section        0  imu.o(i.IMUupdate)
    i.IWDG_Enable                            0x08002ea8   Section        0  stm32f10x_iwdg.o(i.IWDG_Enable)
    i.IWDG_Init                              0x08002eb8   Section        0  iwdg.o(i.IWDG_Init)
    i.IWDG_ReloadCounter                     0x08002edc   Section        0  stm32f10x_iwdg.o(i.IWDG_ReloadCounter)
    i.IWDG_SetPrescaler                      0x08002eec   Section        0  stm32f10x_iwdg.o(i.IWDG_SetPrescaler)
    i.IWDG_SetReload                         0x08002ef8   Section        0  stm32f10x_iwdg.o(i.IWDG_SetReload)
    i.IWDG_WriteAccessCmd                    0x08002f04   Section        0  stm32f10x_iwdg.o(i.IWDG_WriteAccessCmd)
    i.LED_GPIO_Config                        0x08002f10   Section        0  led.o(i.LED_GPIO_Config)
    i.LED_SELECT                             0x08002f3c   Section        0  led.o(i.LED_SELECT)
    i.Lock_And_Unlock                        0x0800303c   Section        0  task.o(i.Lock_And_Unlock)
    i.MPU_Get_Accelerometer                  0x08003160   Section        0  mpu6050.o(i.MPU_Get_Accelerometer)
    i.MPU_Get_Gyroscope                      0x080031b0   Section        0  mpu6050.o(i.MPU_Get_Gyroscope)
    i.MPU_IIC_Ack                            0x08003200   Section        0  mpuiic.o(i.MPU_IIC_Ack)
    i.MPU_IIC_Delay                          0x0800324c   Section        0  mpuiic.o(i.MPU_IIC_Delay)
    i.MPU_IIC_Init                           0x08003260   Section        0  mpuiic.o(i.MPU_IIC_Init)
    i.MPU_IIC_NAck                           0x08003294   Section        0  mpuiic.o(i.MPU_IIC_NAck)
    i.MPU_IIC_Read_Byte                      0x080032e0   Section        0  mpuiic.o(i.MPU_IIC_Read_Byte)
    i.MPU_IIC_Send_Byte                      0x0800334c   Section        0  mpuiic.o(i.MPU_IIC_Send_Byte)
    i.MPU_IIC_Start                          0x080033a8   Section        0  mpuiic.o(i.MPU_IIC_Start)
    i.MPU_IIC_Stop                           0x080033f0   Section        0  mpuiic.o(i.MPU_IIC_Stop)
    i.MPU_IIC_Wait_Ack                       0x08003438   Section        0  mpuiic.o(i.MPU_IIC_Wait_Ack)
    i.MPU_Init                               0x0800349c   Section        0  mpu6050.o(i.MPU_Init)
    i.MPU_Read_Byte                          0x08003516   Section        0  mpu6050.o(i.MPU_Read_Byte)
    i.MPU_Read_Len                           0x08003550   Section        0  mpu6050.o(i.MPU_Read_Len)
    i.MPU_Set_Accel_Fsr                      0x080035c4   Section        0  mpu6050.o(i.MPU_Set_Accel_Fsr)
    i.MPU_Set_Gyro_Fsr                       0x080035d4   Section        0  mpu6050.o(i.MPU_Set_Gyro_Fsr)
    i.MPU_Set_LPF                            0x080035e4   Section        0  mpu6050.o(i.MPU_Set_LPF)
    i.MPU_Set_Rate                           0x0800361e   Section        0  mpu6050.o(i.MPU_Set_Rate)
    i.MPU_Write_Byte                         0x08003658   Section        0  mpu6050.o(i.MPU_Write_Byte)
    i.MYDMA_Config                           0x0800369c   Section        0  dma.o(i.MYDMA_Config)
    i.MYDMA_Enable                           0x08003708   Section        0  dma.o(i.MYDMA_Enable)
    i.NVIC_Capture_Config                    0x08003730   Section        0  pwm_in.o(i.NVIC_Capture_Config)
    i.NVIC_Config                            0x0800376c   Section        0  dma.o(i.NVIC_Config)
    i.NVIC_Init                              0x0800378c   Section        0  misc.o(i.NVIC_Init)
    i.NVIC_PriorityGroupConfig               0x080037fc   Section        0  misc.o(i.NVIC_PriorityGroupConfig)
    i.Outer_Aileron                          0x08003810   Section        0  control.o(i.Outer_Aileron)
    i.PID_Controller                         0x08003d64   Section        0  model.o(i.PID_Controller)
    i.PID_Reset                              0x08003ebc   Section        0  model.o(i.PID_Reset)
    i.PID_Set_Parameter                      0x08003ecc   Section        0  task.o(i.PID_Set_Parameter)
    i.PWM_IN_Configuration                   0x080044cc   Section        0  pwm_in.o(i.PWM_IN_Configuration)
    i.PWM_OUT_Configuration                  0x08004558   Section        0  pwm_out.o(i.PWM_OUT_Configuration)
    i.P_Reset                                0x0800459c   Section        0  model.o(i.P_Reset)
    i.Para_Init                              0x080045b8   Section        0  task.o(i.Para_Init)
    i.Q_rsqrt                                0x080048f8   Section        0  mymath.o(i.Q_rsqrt)
    i.RCC_AHBPeriphClockCmd                  0x08004948   Section        0  stm32f10x_rcc.o(i.RCC_AHBPeriphClockCmd)
    i.RCC_APB1PeriphClockCmd                 0x08004968   Section        0  stm32f10x_rcc.o(i.RCC_APB1PeriphClockCmd)
    i.RCC_APB2PeriphClockCmd                 0x08004988   Section        0  stm32f10x_rcc.o(i.RCC_APB2PeriphClockCmd)
    i.RCC_GetClocksFreq                      0x080049a8   Section        0  stm32f10x_rcc.o(i.RCC_GetClocksFreq)
    i.Self_Test                              0x08004a7c   Section        0  task.o(i.Self_Test)
    i.Send_Data_To_Computer_200ms            0x08004d20   Section        0  task.o(i.Send_Data_To_Computer_200ms)
    i.Send_Data_To_Computer_20ms             0x08004d70   Section        0  task.o(i.Send_Data_To_Computer_20ms)
    i.Send_Data_To_Computer_50ms             0x08004f3c   Section        0  task.o(i.Send_Data_To_Computer_50ms)
    i.SetSysClock                            0x08004f3e   Section        0  system_stm32f10x.o(i.SetSysClock)
    SetSysClock                              0x08004f3f   Thumb Code     8  system_stm32f10x.o(i.SetSysClock)
    i.SetSysClockTo72                        0x08004f48   Section        0  system_stm32f10x.o(i.SetSysClockTo72)
    SetSysClockTo72                          0x08004f49   Thumb Code   214  system_stm32f10x.o(i.SetSysClockTo72)
    i.SysTick_Handler                        0x08005028   Section        0  main.o(i.SysTick_Handler)
    i.SysTick_Init                           0x080050fc   Section        0  systick.o(i.SysTick_Init)
    i.SystemInit                             0x08005164   Section        0  system_stm32f10x.o(i.SystemInit)
    i.TI1_Config                             0x080051c4   Section        0  stm32f10x_tim.o(i.TI1_Config)
    TI1_Config                               0x080051c5   Thumb Code   108  stm32f10x_tim.o(i.TI1_Config)
    i.TI2_Config                             0x08005244   Section        0  stm32f10x_tim.o(i.TI2_Config)
    TI2_Config                               0x08005245   Thumb Code   130  stm32f10x_tim.o(i.TI2_Config)
    i.TI3_Config                             0x080052dc   Section        0  stm32f10x_tim.o(i.TI3_Config)
    TI3_Config                               0x080052dd   Thumb Code   122  stm32f10x_tim.o(i.TI3_Config)
    i.TI4_Config                             0x0800536c   Section        0  stm32f10x_tim.o(i.TI4_Config)
    TI4_Config                               0x0800536d   Thumb Code   130  stm32f10x_tim.o(i.TI4_Config)
    i.TIM2_GPIO_Config                       0x08005404   Section        0  pwm_in.o(i.TIM2_GPIO_Config)
    i.TIM2_IRQHandler                        0x08005430   Section        0  pwm_in.o(i.TIM2_IRQHandler)
    i.TIM2_Input_config                      0x080056e0   Section        0  pwm_in.o(i.TIM2_Input_config)
    i.TIM2_Mode_Config                       0x0800577a   Section        0  pwm_in.o(i.TIM2_Mode_Config)
    i.TIM3_GPIO_Config                       0x080057a8   Section        0  pwm_out.o(i.TIM3_GPIO_Config)
    i.TIM3_Mode_Config                       0x080057ec   Section        0  pwm_out.o(i.TIM3_Mode_Config)
    i.TIM4_GPIO_Config                       0x080058ac   Section        0  pwm_out.o(i.TIM4_GPIO_Config)
    i.TIM4_Mode_Config                       0x080058e0   Section        0  pwm_out.o(i.TIM4_Mode_Config)
    i.TIM6_Config                            0x080059a0   Section        0  led.o(i.TIM6_Config)
    i.TIM6_IRQHandler                        0x080059e4   Section        0  led.o(i.TIM6_IRQHandler)
    i.TIM8_CC_IRQHandler                     0x08005a24   Section        0  pwm_in.o(i.TIM8_CC_IRQHandler)
    i.TIM8_GPIO_Config                       0x08005cd4   Section        0  pwm_in.o(i.TIM8_GPIO_Config)
    i.TIM8_Input_config                      0x08005d04   Section        0  pwm_in.o(i.TIM8_Input_config)
    i.TIM8_Mode_Config                       0x08005d9c   Section        0  pwm_in.o(i.TIM8_Mode_Config)
    i.TIM_ARRPreloadConfig                   0x08005dcc   Section        0  stm32f10x_tim.o(i.TIM_ARRPreloadConfig)
    i.TIM_ClearITPendingBit                  0x08005de4   Section        0  stm32f10x_tim.o(i.TIM_ClearITPendingBit)
    i.TIM_Cmd                                0x08005dea   Section        0  stm32f10x_tim.o(i.TIM_Cmd)
    i.TIM_GetITStatus                        0x08005e02   Section        0  stm32f10x_tim.o(i.TIM_GetITStatus)
    i.TIM_ICInit                             0x08005e24   Section        0  stm32f10x_tim.o(i.TIM_ICInit)
    i.TIM_ITConfig                           0x08005ed0   Section        0  stm32f10x_tim.o(i.TIM_ITConfig)
    i.TIM_OC1Init                            0x08005ee4   Section        0  stm32f10x_tim.o(i.TIM_OC1Init)
    i.TIM_OC1PreloadConfig                   0x08005f7c   Section        0  stm32f10x_tim.o(i.TIM_OC1PreloadConfig)
    i.TIM_OC2Init                            0x08005f90   Section        0  stm32f10x_tim.o(i.TIM_OC2Init)
    i.TIM_OC2PreloadConfig                   0x08006034   Section        0  stm32f10x_tim.o(i.TIM_OC2PreloadConfig)
    i.TIM_OC3Init                            0x08006050   Section        0  stm32f10x_tim.o(i.TIM_OC3Init)
    i.TIM_OC3PreloadConfig                   0x080060f0   Section        0  stm32f10x_tim.o(i.TIM_OC3PreloadConfig)
    i.TIM_OC4Init                            0x08006104   Section        0  stm32f10x_tim.o(i.TIM_OC4Init)
    i.TIM_OC4PreloadConfig                   0x08006180   Section        0  stm32f10x_tim.o(i.TIM_OC4PreloadConfig)
    i.TIM_SetIC1Prescaler                    0x0800619a   Section        0  stm32f10x_tim.o(i.TIM_SetIC1Prescaler)
    i.TIM_SetIC2Prescaler                    0x080061ac   Section        0  stm32f10x_tim.o(i.TIM_SetIC2Prescaler)
    i.TIM_SetIC3Prescaler                    0x080061c6   Section        0  stm32f10x_tim.o(i.TIM_SetIC3Prescaler)
    i.TIM_SetIC4Prescaler                    0x080061d8   Section        0  stm32f10x_tim.o(i.TIM_SetIC4Prescaler)
    i.TIM_TimeBaseInit                       0x080061f4   Section        0  stm32f10x_tim.o(i.TIM_TimeBaseInit)
    i.USART1_IRQHandler                      0x08006298   Section        0  usart.o(i.USART1_IRQHandler)
    i.USART3_IRQHandler                      0x080062c8   Section        0  usart.o(i.USART3_IRQHandler)
    i.USART_Cmd                              0x08006368   Section        0  stm32f10x_usart.o(i.USART_Cmd)
    i.USART_DMACmd                           0x08006380   Section        0  stm32f10x_usart.o(i.USART_DMACmd)
    i.USART_GetFlagStatus                    0x08006392   Section        0  stm32f10x_usart.o(i.USART_GetFlagStatus)
    i.USART_ITConfig                         0x080063ac   Section        0  stm32f10x_usart.o(i.USART_ITConfig)
    i.USART_Init                             0x080063f8   Section        0  stm32f10x_usart.o(i.USART_Init)
    i.USART_ReceiveData                      0x080064d0   Section        0  stm32f10x_usart.o(i.USART_ReceiveData)
    i.USART_SendData                         0x080064da   Section        0  stm32f10x_usart.o(i.USART_SendData)
    i.Update_Iner_loop                       0x080064e4   Section        0  control.o(i.Update_Iner_loop)
    i.Update_Outer_Loop                      0x08006e80   Section        0  control.o(i.Update_Outer_Loop)
    i.bmp180Convert                          0x08007058   Section        0  bmp180.o(i.bmp180Convert)
    i.fast_atan2                             0x0800727c   Section        0  mymath.o(i.fast_atan2)
    i.main                                   0x080073e8   Section        0  main.o(i.main)
    i.my_abs                                 0x080074f4   Section        0  mymath.o(i.my_abs)
    i.my_pow                                 0x0800750c   Section        0  mymath.o(i.my_pow)
    i.my_sqrt                                0x08007678   Section        0  mymath.o(i.my_sqrt)
    i.pow_f                                  0x080076f0   Section        0  mymath.o(i.pow_f)
    i.pow_i                                  0x080077d0   Section        0  mymath.o(i.pow_i)
    i.uart1_init                             0x08007808   Section        0  usart.o(i.uart1_init)
    i.uart3_init                             0x080078a8   Section        0  usart.o(i.uart3_init)
    i.usart1_send_char                       0x08007950   Section        0  niming.o(i.usart1_send_char)
    x$fpl$d2f                                0x08007980   Section       98  d2f.o(x$fpl$d2f)
    x$fpl$dadd                               0x080079e4   Section      336  daddsub_clz.o(x$fpl$dadd)
    _dadd1                                   0x080079f5   Thumb Code     0  daddsub_clz.o(x$fpl$dadd)
    x$fpl$dcmpinf                            0x08007b34   Section       24  dcmpi.o(x$fpl$dcmpinf)
    x$fpl$ddiv                               0x08007b4c   Section      688  ddiv.o(x$fpl$ddiv)
    ddiv_entry                               0x08007b53   Thumb Code     0  ddiv.o(x$fpl$ddiv)
    x$fpl$deqf                               0x08007dfc   Section      120  deqf.o(x$fpl$deqf)
    x$fpl$dfix                               0x08007e74   Section       94  dfix.o(x$fpl$dfix)
    x$fpl$dflt                               0x08007ed2   Section       46  dflt_clz.o(x$fpl$dflt)
    x$fpl$dfltu                              0x08007f00   Section       38  dflt_clz.o(x$fpl$dfltu)
    x$fpl$dleqf                              0x08007f28   Section      120  dleqf.o(x$fpl$dleqf)
    x$fpl$dmul                               0x08007fa0   Section      340  dmul.o(x$fpl$dmul)
    x$fpl$dnaninf                            0x080080f4   Section      156  dnaninf.o(x$fpl$dnaninf)
    x$fpl$dretinf                            0x08008190   Section       12  dretinf.o(x$fpl$dretinf)
    x$fpl$drleqf                             0x0800819c   Section      108  drleqf.o(x$fpl$drleqf)
    x$fpl$drsb                               0x08008208   Section       22  daddsub_clz.o(x$fpl$drsb)
    x$fpl$dsub                               0x08008220   Section      468  daddsub_clz.o(x$fpl$dsub)
    _dsub1                                   0x08008231   Thumb Code     0  daddsub_clz.o(x$fpl$dsub)
    x$fpl$f2d                                0x080083f4   Section       86  f2d.o(x$fpl$f2d)
    x$fpl$fadd                               0x0800844c   Section      196  faddsub_clz.o(x$fpl$fadd)
    _fadd1                                   0x0800845b   Thumb Code     0  faddsub_clz.o(x$fpl$fadd)
    x$fpl$fcmpinf                            0x08008510   Section       24  fcmpi.o(x$fpl$fcmpinf)
    x$fpl$fdiv                               0x08008528   Section      388  fdiv.o(x$fpl$fdiv)
    _fdiv1                                   0x08008529   Thumb Code     0  fdiv.o(x$fpl$fdiv)
    x$fpl$feqf                               0x080086ac   Section      104  feqf.o(x$fpl$feqf)
    x$fpl$ffix                               0x08008714   Section       54  ffix.o(x$fpl$ffix)
    x$fpl$fflt                               0x0800874c   Section       48  fflt_clz.o(x$fpl$fflt)
    x$fpl$fleqf                              0x0800877c   Section      104  fleqf.o(x$fpl$fleqf)
    x$fpl$fmul                               0x080087e4   Section      258  fmul.o(x$fpl$fmul)
    x$fpl$fnaninf                            0x080088e6   Section      140  fnaninf.o(x$fpl$fnaninf)
    x$fpl$fretinf                            0x08008972   Section       10  fretinf.o(x$fpl$fretinf)
    x$fpl$frleqf                             0x0800897c   Section       98  frleqf.o(x$fpl$frleqf)
    x$fpl$frsb                               0x080089de   Section       20  faddsub_clz.o(x$fpl$frsb)
    x$fpl$fsub                               0x080089f4   Section      234  faddsub_clz.o(x$fpl$fsub)
    _fsub1                                   0x08008a03   Thumb Code     0  faddsub_clz.o(x$fpl$fsub)
    x$fpl$usenofp                            0x08008ade   Section        0  usenofp.o(x$fpl$usenofp)
    .data                                    0x20000000   Section        2  dma.o(.data)
    .data                                    0x20000002   Section        6  pwm_in.o(.data)
    .data                                    0x20000008   Section        2  usart.o(.data)
    .data                                    0x2000000c   Section      108  imu.o(.data)
    i                                        0x20000058   Data           1  imu.o(.data)
    axcount                                  0x2000005c   Data           4  imu.o(.data)
    aycount                                  0x20000060   Data           4  imu.o(.data)
    azcount                                  0x20000064   Data           4  imu.o(.data)
    i                                        0x20000068   Data           1  imu.o(.data)
    gxcount                                  0x2000006c   Data           4  imu.o(.data)
    gycount                                  0x20000070   Data           4  imu.o(.data)
    gzcount                                  0x20000074   Data           4  imu.o(.data)
    .data                                    0x20000078   Section     1028  mymath.o(.data)
    .data                                    0x2000047c   Section       16  control.o(.data)
    .data                                    0x2000048c   Section        6  main.o(.data)
    .data                                    0x20000492   Section        4  niming.o(.data)
    _data_len                                0x20000493   Data           1  niming.o(.data)
    _data_cnt                                0x20000494   Data           1  niming.o(.data)
    state                                    0x20000495   Data           1  niming.o(.data)
    .data                                    0x20000498   Section       76  task.o(.data)
    LockMode                                 0x200004e0   Data           1  task.o(.data)
    t                                        0x200004e2   Data           2  task.o(.data)
    .data                                    0x200004e4   Section       20  stm32f10x_rcc.o(.data)
    APBAHBPrescTable                         0x200004e4   Data          16  stm32f10x_rcc.o(.data)
    ADCPrescTable                            0x200004f4   Data           4  stm32f10x_rcc.o(.data)
    .data                                    0x200004f8   Section       20  system_stm32f10x.o(.data)
    .bss                                     0x2000050c   Section     1024  dma.o(.bss)
    .bss                                     0x2000090c   Section       48  pwm_in.o(.bss)
    .bss                                     0x2000093c   Section      240  usart.o(.bss)
    .bss                                     0x20000a2c   Section       32  imu.o(.bss)
    .bss                                     0x20000a4c   Section       80  bmp180.o(.bss)
    .bss                                     0x20000a9c   Section      137  bd.o(.bss)
    .bss                                     0x20000b26   Section      158  niming.o(.bss)
    .bss                                     0x20000bc4   Section      192  task.o(.bss)
    .bss                                     0x20000c84   Section       96  libspace.o(.bss)
    HEAP                                     0x20000ce8   Section      512  startup_stm32f10x_hd.o(HEAP)
    Heap_Mem                                 0x20000ce8   Data         512  startup_stm32f10x_hd.o(HEAP)
    STACK                                    0x20000ee8   Section     1024  startup_stm32f10x_hd.o(STACK)
    Stack_Mem                                0x20000ee8   Data        1024  startup_stm32f10x_hd.o(STACK)
    __initial_sp                             0x200012e8   Data           0  startup_stm32f10x_hd.o(STACK)

    Global Symbols

    Symbol Name                              Value     Ov Type        Size  Object(Section)

    BuildAttributes$$THM_ISAv4$P$D$K$B$S$PE$A:L22UL41UL21$X:L11$S22US41US21$IEEE1$IW$USESV6$~STKCKD$USESV7$~SHL$OTIME$ROPI$EBA8$UX$STANDARDLIB$REQ8$PRES8$EABIv2 0x00000000   Number         0  anon$$obj.o ABSOLUTE
    __ARM_use_no_argv                        0x00000000   Number         0  main.o ABSOLUTE
    __ARM_exceptions_init                     - Undefined Weak Reference
    __alloca_initialize                       - Undefined Weak Reference
    __arm_preinit_                            - Undefined Weak Reference
    __cpp_initialize__aeabi_                  - Undefined Weak Reference
    __cxa_finalize                            - Undefined Weak Reference
    __rt_locale                               - Undefined Weak Reference
    __sigvec_lookup                           - Undefined Weak Reference
    __user_heap_extent                        - Undefined Weak Reference
    _atexit_init                              - Undefined Weak Reference
    _call_atexit_fns                          - Undefined Weak Reference
    _clock_init                               - Undefined Weak Reference
    _fp_trap_init                             - Undefined Weak Reference
    _fp_trap_shutdown                         - Undefined Weak Reference
    _get_lc_collate                           - Undefined Weak Reference
    _get_lc_ctype                             - Undefined Weak Reference
    _get_lc_monetary                          - Undefined Weak Reference
    _get_lc_numeric                           - Undefined Weak Reference
    _get_lc_time                              - Undefined Weak Reference
    _getenv_init                              - Undefined Weak Reference
    _handle_redirection                       - Undefined Weak Reference
    _mutex_acquire                            - Undefined Weak Reference
    _mutex_free                               - Undefined Weak Reference
    _mutex_release                            - Undefined Weak Reference
    _printf_post_padding                      - Undefined Weak Reference
    _printf_pre_padding                       - Undefined Weak Reference
    _printf_truncate_signed                   - Undefined Weak Reference
    _printf_truncate_unsigned                 - Undefined Weak Reference
    _rand_init                                - Undefined Weak Reference
    _signal_finish                            - Undefined Weak Reference
    _signal_init                              - Undefined Weak Reference
    __Vectors_Size                           0x00000130   Number         0  startup_stm32f10x_hd.o ABSOLUTE
    __Vectors                                0x08000000   Data           4  startup_stm32f10x_hd.o(RESET)
    __Vectors_End                            0x08000130   Data           0  startup_stm32f10x_hd.o(RESET)
    __main                                   0x08000131   Thumb Code     8  __main.o(!!!main)
    __scatterload                            0x08000139   Thumb Code     0  __scatter.o(!!!scatter)
    __scatterload_rt2                        0x08000139   Thumb Code    44  __scatter.o(!!!scatter)
    __scatterload_rt2_thumb_only             0x08000139   Thumb Code     0  __scatter.o(!!!scatter)
    __scatterload_null                       0x08000147   Thumb Code     0  __scatter.o(!!!scatter)
    __decompress                             0x0800016d   Thumb Code    90  __dczerorl2.o(!!dczerorl2)
    __decompress1                            0x0800016d   Thumb Code     0  __dczerorl2.o(!!dczerorl2)
    __scatterload_zeroinit                   0x080001c9   Thumb Code    28  __scatter_zi.o(!!handler_zi)
    __rt_lib_init                            0x080001e5   Thumb Code     0  libinit.o(.ARM.Collect$$libinit$$00000000)
    __rt_lib_init_alloca_1                   0x080001e7   Thumb Code     0  libinit2.o(.ARM.Collect$$libinit$$0000002E)
    __rt_lib_init_argv_1                     0x080001e7   Thumb Code     0  libinit2.o(.ARM.Collect$$libinit$$0000002C)
    __rt_lib_init_atexit_1                   0x080001e7   Thumb Code     0  libinit2.o(.ARM.Collect$$libinit$$0000001B)
    __rt_lib_init_clock_1                    0x080001e7   Thumb Code     0  libinit2.o(.ARM.Collect$$libinit$$00000021)
    __rt_lib_init_cpp_1                      0x080001e7   Thumb Code     0  libinit2.o(.ARM.Collect$$libinit$$00000032)
    __rt_lib_init_exceptions_1               0x080001e7   Thumb Code     0  libinit2.o(.ARM.Collect$$libinit$$00000030)
    __rt_lib_init_fp_1                       0x080001e7   Thumb Code     0  libinit2.o(.ARM.Collect$$libinit$$00000002)
    __rt_lib_init_fp_trap_1                  0x080001e7   Thumb Code     0  libinit2.o(.ARM.Collect$$libinit$$0000001F)
    __rt_lib_init_getenv_1                   0x080001e7   Thumb Code     0  libinit2.o(.ARM.Collect$$libinit$$00000023)
    __rt_lib_init_heap_1                     0x080001e7   Thumb Code     0  libinit2.o(.ARM.Collect$$libinit$$0000000A)
    __rt_lib_init_lc_collate_1               0x080001e7   Thumb Code     0  libinit2.o(.ARM.Collect$$libinit$$00000011)
    __rt_lib_init_lc_ctype_1                 0x080001e7   Thumb Code     0  libinit2.o(.ARM.Collect$$libinit$$00000013)
    __rt_lib_init_lc_monetary_1              0x080001e7   Thumb Code     0  libinit2.o(.ARM.Collect$$libinit$$00000015)
    __rt_lib_init_lc_numeric_1               0x080001e7   Thumb Code     0  libinit2.o(.ARM.Collect$$libinit$$00000017)
    __rt_lib_init_lc_time_1                  0x080001e7   Thumb Code     0  libinit2.o(.ARM.Collect$$libinit$$00000019)
    __rt_lib_init_preinit_1                  0x080001e7   Thumb Code     0  libinit2.o(.ARM.Collect$$libinit$$00000004)
    __rt_lib_init_rand_1                     0x080001e7   Thumb Code     0  libinit2.o(.ARM.Collect$$libinit$$0000000E)
    __rt_lib_init_return                     0x080001e7   Thumb Code     0  libinit2.o(.ARM.Collect$$libinit$$00000033)
    __rt_lib_init_signal_1                   0x080001e7   Thumb Code     0  libinit2.o(.ARM.Collect$$libinit$$0000001D)
    __rt_lib_init_stdio_1                    0x080001e7   Thumb Code     0  libinit2.o(.ARM.Collect$$libinit$$00000025)
    __rt_lib_init_user_alloc_1               0x080001e7   Thumb Code     0  libinit2.o(.ARM.Collect$$libinit$$0000000C)
    __rt_lib_shutdown                        0x080001e9   Thumb Code     0  libshutdown.o(.ARM.Collect$$libshutdown$$00000000)
    __rt_lib_shutdown_fp_trap_1              0x080001eb   Thumb Code     0  libshutdown2.o(.ARM.Collect$$libshutdown$$00000006)
    __rt_lib_shutdown_heap_1                 0x080001eb   Thumb Code     0  libshutdown2.o(.ARM.Collect$$libshutdown$$0000000E)
    __rt_lib_shutdown_return                 0x080001eb   Thumb Code     0  libshutdown2.o(.ARM.Collect$$libshutdown$$0000000F)
    __rt_lib_shutdown_signal_1               0x080001eb   Thumb Code     0  libshutdown2.o(.ARM.Collect$$libshutdown$$00000009)
    __rt_lib_shutdown_stdio_1                0x080001eb   Thumb Code     0  libshutdown2.o(.ARM.Collect$$libshutdown$$00000003)
    __rt_lib_shutdown_user_alloc_1           0x080001eb   Thumb Code     0  libshutdown2.o(.ARM.Collect$$libshutdown$$0000000B)
    __rt_entry                               0x080001ed   Thumb Code     0  __rtentry.o(.ARM.Collect$$rtentry$$00000000)
    __rt_entry_presh_1                       0x080001ed   Thumb Code     0  __rtentry2.o(.ARM.Collect$$rtentry$$00000002)
    __rt_entry_sh                            0x080001ed   Thumb Code     0  __rtentry4.o(.ARM.Collect$$rtentry$$00000004)
    __rt_entry_li                            0x080001f3   Thumb Code     0  __rtentry2.o(.ARM.Collect$$rtentry$$0000000A)
    __rt_entry_postsh_1                      0x080001f3   Thumb Code     0  __rtentry2.o(.ARM.Collect$$rtentry$$00000009)
    __rt_entry_main                          0x080001f7   Thumb Code     0  __rtentry2.o(.ARM.Collect$$rtentry$$0000000D)
    __rt_entry_postli_1                      0x080001f7   Thumb Code     0  __rtentry2.o(.ARM.Collect$$rtentry$$0000000C)
    __rt_exit                                0x080001ff   Thumb Code     0  rtexit.o(.ARM.Collect$$rtexit$$00000000)
    __rt_exit_ls                             0x08000201   Thumb Code     0  rtexit2.o(.ARM.Collect$$rtexit$$00000003)
    __rt_exit_prels_1                        0x08000201   Thumb Code     0  rtexit2.o(.ARM.Collect$$rtexit$$00000002)
    __rt_exit_exit                           0x08000205   Thumb Code     0  rtexit2.o(.ARM.Collect$$rtexit$$00000004)
    Reset_Handler                            0x0800020d   Thumb Code     8  startup_stm32f10x_hd.o(.text)
    NMI_Handler                              0x08000215   Thumb Code     2  startup_stm32f10x_hd.o(.text)
    HardFault_Handler                        0x08000217   Thumb Code     2  startup_stm32f10x_hd.o(.text)
    MemManage_Handler                        0x08000219   Thumb Code     2  startup_stm32f10x_hd.o(.text)
    BusFault_Handler                         0x0800021b   Thumb Code     2  startup_stm32f10x_hd.o(.text)
    UsageFault_Handler                       0x0800021d   Thumb Code     2  startup_stm32f10x_hd.o(.text)
    SVC_Handler                              0x0800021f   Thumb Code     2  startup_stm32f10x_hd.o(.text)
    DebugMon_Handler                         0x08000221   Thumb Code     2  startup_stm32f10x_hd.o(.text)
    PendSV_Handler                           0x08000223   Thumb Code     2  startup_stm32f10x_hd.o(.text)
    ADC1_2_IRQHandler                        0x08000227   Thumb Code     0  startup_stm32f10x_hd.o(.text)
    ADC3_IRQHandler                          0x08000227   Thumb Code     0  startup_stm32f10x_hd.o(.text)
    CAN1_RX1_IRQHandler                      0x08000227   Thumb Code     0  startup_stm32f10x_hd.o(.text)
    CAN1_SCE_IRQHandler                      0x08000227   Thumb Code     0  startup_stm32f10x_hd.o(.text)
    DMA1_Channel1_IRQHandler                 0x08000227   Thumb Code     0  startup_stm32f10x_hd.o(.text)
    DMA1_Channel2_IRQHandler                 0x08000227   Thumb Code     0  startup_stm32f10x_hd.o(.text)
    DMA1_Channel3_IRQHandler                 0x08000227   Thumb Code     0  startup_stm32f10x_hd.o(.text)
    DMA1_Channel5_IRQHandler                 0x08000227   Thumb Code     0  startup_stm32f10x_hd.o(.text)
    DMA1_Channel6_IRQHandler                 0x08000227   Thumb Code     0  startup_stm32f10x_hd.o(.text)
    DMA1_Channel7_IRQHandler                 0x08000227   Thumb Code     0  startup_stm32f10x_hd.o(.text)
    DMA2_Channel1_IRQHandler                 0x08000227   Thumb Code     0  startup_stm32f10x_hd.o(.text)
    DMA2_Channel2_IRQHandler                 0x08000227   Thumb Code     0  startup_stm32f10x_hd.o(.text)
    DMA2_Channel3_IRQHandler                 0x08000227   Thumb Code     0  startup_stm32f10x_hd.o(.text)
    DMA2_Channel4_5_IRQHandler               0x08000227   Thumb Code     0  startup_stm32f10x_hd.o(.text)
    EXTI0_IRQHandler                         0x08000227   Thumb Code     0  startup_stm32f10x_hd.o(.text)
    EXTI15_10_IRQHandler                     0x08000227   Thumb Code     0  startup_stm32f10x_hd.o(.text)
    EXTI1_IRQHandler                         0x08000227   Thumb Code     0  startup_stm32f10x_hd.o(.text)
    EXTI2_IRQHandler                         0x08000227   Thumb Code     0  startup_stm32f10x_hd.o(.text)
    EXTI3_IRQHandler                         0x08000227   Thumb Code     0  startup_stm32f10x_hd.o(.text)
    EXTI4_IRQHandler                         0x08000227   Thumb Code     0  startup_stm32f10x_hd.o(.text)
    EXTI9_5_IRQHandler                       0x08000227   Thumb Code     0  startup_stm32f10x_hd.o(.text)
    FLASH_IRQHandler                         0x08000227   Thumb Code     0  startup_stm32f10x_hd.o(.text)
    FSMC_IRQHandler                          0x08000227   Thumb Code     0  startup_stm32f10x_hd.o(.text)
    I2C1_ER_IRQHandler                       0x08000227   Thumb Code     0  startup_stm32f10x_hd.o(.text)
    I2C1_EV_IRQHandler                       0x08000227   Thumb Code     0  startup_stm32f10x_hd.o(.text)
    I2C2_ER_IRQHandler                       0x08000227   Thumb Code     0  startup_stm32f10x_hd.o(.text)
    I2C2_EV_IRQHandler                       0x08000227   Thumb Code     0  startup_stm32f10x_hd.o(.text)
    PVD_IRQHandler                           0x08000227   Thumb Code     0  startup_stm32f10x_hd.o(.text)
    RCC_IRQHandler                           0x08000227   Thumb Code     0  startup_stm32f10x_hd.o(.text)
    RTCAlarm_IRQHandler                      0x08000227   Thumb Code     0  startup_stm32f10x_hd.o(.text)
    RTC_IRQHandler                           0x08000227   Thumb Code     0  startup_stm32f10x_hd.o(.text)
    SDIO_IRQHandler                          0x08000227   Thumb Code     0  startup_stm32f10x_hd.o(.text)
    SPI1_IRQHandler                          0x08000227   Thumb Code     0  startup_stm32f10x_hd.o(.text)
    SPI2_IRQHandler                          0x08000227   Thumb Code     0  startup_stm32f10x_hd.o(.text)
    SPI3_IRQHandler                          0x08000227   Thumb Code     0  startup_stm32f10x_hd.o(.text)
    TAMPER_IRQHandler                        0x08000227   Thumb Code     0  startup_stm32f10x_hd.o(.text)
    TIM1_BRK_IRQHandler                      0x08000227   Thumb Code     0  startup_stm32f10x_hd.o(.text)
    TIM1_CC_IRQHandler                       0x08000227   Thumb Code     0  startup_stm32f10x_hd.o(.text)
    TIM1_TRG_COM_IRQHandler                  0x08000227   Thumb Code     0  startup_stm32f10x_hd.o(.text)
    TIM1_UP_IRQHandler                       0x08000227   Thumb Code     0  startup_stm32f10x_hd.o(.text)
    TIM3_IRQHandler                          0x08000227   Thumb Code     0  startup_stm32f10x_hd.o(.text)
    TIM4_IRQHandler                          0x08000227   Thumb Code     0  startup_stm32f10x_hd.o(.text)
    TIM5_IRQHandler                          0x08000227   Thumb Code     0  startup_stm32f10x_hd.o(.text)
    TIM7_IRQHandler                          0x08000227   Thumb Code     0  startup_stm32f10x_hd.o(.text)
    TIM8_BRK_IRQHandler                      0x08000227   Thumb Code     0  startup_stm32f10x_hd.o(.text)
    TIM8_TRG_COM_IRQHandler                  0x08000227   Thumb Code     0  startup_stm32f10x_hd.o(.text)
    TIM8_UP_IRQHandler                       0x08000227   Thumb Code     0  startup_stm32f10x_hd.o(.text)
    UART4_IRQHandler                         0x08000227   Thumb Code     0  startup_stm32f10x_hd.o(.text)
    UART5_IRQHandler                         0x08000227   Thumb Code     0  startup_stm32f10x_hd.o(.text)
    USART2_IRQHandler                        0x08000227   Thumb Code     0  startup_stm32f10x_hd.o(.text)
    USBWakeUp_IRQHandler                     0x08000227   Thumb Code     0  startup_stm32f10x_hd.o(.text)
    USB_HP_CAN1_TX_IRQHandler                0x08000227   Thumb Code     0  startup_stm32f10x_hd.o(.text)
    USB_LP_CAN1_RX0_IRQHandler               0x08000227   Thumb Code     0  startup_stm32f10x_hd.o(.text)
    WWDG_IRQHandler                          0x08000227   Thumb Code     0  startup_stm32f10x_hd.o(.text)
    __user_initial_stackheap                 0x08000229   Thumb Code     0  startup_stm32f10x_hd.o(.text)
    __aeabi_memcpy                           0x0800024d   Thumb Code     0  rt_memcpy_v6.o(.text)
    __rt_memcpy                              0x0800024d   Thumb Code   138  rt_memcpy_v6.o(.text)
    _memcpy_lastbytes                        0x080002b3   Thumb Code     0  rt_memcpy_v6.o(.text)
    __aeabi_memclr                           0x080002d7   Thumb Code     0  rt_memclr.o(.text)
    __rt_memclr                              0x080002d7   Thumb Code    68  rt_memclr.o(.text)
    _memset                                  0x080002db   Thumb Code     0  rt_memclr.o(.text)
    __use_two_region_memory                  0x0800031b   Thumb Code     2  heapauxi.o(.text)
    __rt_heap_escrow                         0x0800031d   Thumb Code     2  heapauxi.o(.text)
    __rt_heap_expand                         0x0800031f   Thumb Code     2  heapauxi.o(.text)
    __aeabi_memcpy4                          0x08000321   Thumb Code     0  rt_memcpy_w.o(.text)
    __aeabi_memcpy8                          0x08000321   Thumb Code     0  rt_memcpy_w.o(.text)
    __rt_memcpy_w                            0x08000321   Thumb Code   100  rt_memcpy_w.o(.text)
    _memcpy_lastbytes_aligned                0x08000369   Thumb Code     0  rt_memcpy_w.o(.text)
    __aeabi_memclr4                          0x08000385   Thumb Code     0  rt_memclr_w.o(.text)
    __aeabi_memclr8                          0x08000385   Thumb Code     0  rt_memclr_w.o(.text)
    __rt_memclr_w                            0x08000385   Thumb Code    78  rt_memclr_w.o(.text)
    _memset_w                                0x08000389   Thumb Code     0  rt_memclr_w.o(.text)
    __user_setup_stackheap                   0x080003d3   Thumb Code    74  sys_stackheap_outer.o(.text)
    exit                                     0x0800041d   Thumb Code    12  exit.o(.text)
    __user_libspace                          0x08000429   Thumb Code     8  libspace.o(.text)
    __user_perproc_libspace                  0x08000429   Thumb Code     0  libspace.o(.text)
    __user_perthread_libspace                0x08000429   Thumb Code     0  libspace.o(.text)
    __I$use$semihosting                      0x08000431   Thumb Code     0  use_no_semi.o(.text)
    __use_no_semihosting_swi                 0x08000431   Thumb Code     2  use_no_semi.o(.text)
    __semihosting_library_function           0x08000433   Thumb Code     0  indicate_semi.o(.text)
    _sys_exit                                0x08000435   Thumb Code     8  sys_exit.o(.text)
    ANO_DT_Send_PID                          0x08000441   Thumb Code   516  niming.o(i.ANO_DT_Send_PID)
    ANO_DT_Send_RCData                       0x0800064d   Thumb Code   350  niming.o(i.ANO_DT_Send_RCData)
    ANO_DT_Send_Senser                       0x080007b1   Thumb Code   406  niming.o(i.ANO_DT_Send_Senser)
    ANO_DT_Send_Status                       0x0800094d   Thumb Code   330  niming.o(i.ANO_DT_Send_Status)
    ANO_Data_Receive_Anl                     0x08000aa1   Thumb Code   566  niming.o(i.ANO_Data_Receive_Anl)
    ANO_Data_Receive_Prepare                 0x08000ce5   Thumb Code   156  niming.o(i.ANO_Data_Receive_Prepare)
    ANO_Send_Check                           0x08000d8d   Thumb Code    96  niming.o(i.ANO_Send_Check)
    ANO_Send_User_Data                       0x08000df5   Thumb Code   140  niming.o(i.ANO_Send_User_Data)
    Acc_Calibrate                            0x08000e85   Thumb Code   164  imu.o(i.Acc_Calibrate)
    Acc_Get_ErrData                          0x08000f35   Thumb Code   342  imu.o(i.Acc_Get_ErrData)
    Aileron_Control                          0x080010ad   Thumb Code  3486  control.o(i.Aileron_Control)
    BEIDOU_Update                            0x08001e59   Thumb Code     2  bd.o(i.BEIDOU_Update)
    BMP_Init                                 0x08001e5d   Thumb Code   124  bmp180.o(i.BMP_Init)
    BMP_ReadTwoByte                          0x08001edd   Thumb Code    76  bmp180.o(i.BMP_ReadTwoByte)
    BMP_WriteOneByte                         0x08001f29   Thumb Code    46  bmp180.o(i.BMP_WriteOneByte)
    Beidou_Data_Receive_Prepare              0x08001f57   Thumb Code     2  bd.o(i.Beidou_Data_Receive_Prepare)
    DMA1_Channel4_IRQHandler                 0x08001f59   Thumb Code    30  dma.o(i.DMA1_Channel4_IRQHandler)
    DMA_ClearFlag                            0x08001f79   Thumb Code    18  stm32f10x_dma.o(i.DMA_ClearFlag)
    DMA_Cmd                                  0x08001f95   Thumb Code    24  stm32f10x_dma.o(i.DMA_Cmd)
    DMA_DeInit                               0x08001fad   Thumb Code   324  stm32f10x_dma.o(i.DMA_DeInit)
    DMA_GetFlagStatus                        0x080020f9   Thumb Code    36  stm32f10x_dma.o(i.DMA_GetFlagStatus)
    DMA_ITConfig                             0x08002125   Thumb Code    18  stm32f10x_dma.o(i.DMA_ITConfig)
    DMA_Init                                 0x08002137   Thumb Code    60  stm32f10x_dma.o(i.DMA_Init)
    DMA_Stuff                                0x08002175   Thumb Code    52  dma.o(i.DMA_Stuff)
    Delay_ms                                 0x080021b1   Thumb Code    30  model.o(i.Delay_ms)
    GPIO_Init                                0x080021cf   Thumb Code   278  stm32f10x_gpio.o(i.GPIO_Init)
    GPIO_PinRemapConfig                      0x080022e5   Thumb Code   138  stm32f10x_gpio.o(i.GPIO_PinRemapConfig)
    GPIO_SetBits                             0x08002375   Thumb Code     4  stm32f10x_gpio.o(i.GPIO_SetBits)
    GPIO_WriteBit                            0x08002379   Thumb Code    10  stm32f10x_gpio.o(i.GPIO_WriteBit)
    Gyro_Get_ErrData                         0x08002385   Thumb Code   192  imu.o(i.Gyro_Get_ErrData)
    IIC_Ack                                  0x08002461   Thumb Code    62  bmpiic.o(i.IIC_Ack)
    IIC_Delay                                0x080024ad   Thumb Code    20  bmpiic.o(i.IIC_Delay)
    IIC_Init                                 0x080024c1   Thumb Code    66  bmpiic.o(i.IIC_Init)
    IIC_NAck                                 0x0800250d   Thumb Code    62  bmpiic.o(i.IIC_NAck)
    IIC_Read_Byte                            0x08002559   Thumb Code    94  bmpiic.o(i.IIC_Read_Byte)
    IIC_Send_Byte                            0x080025c5   Thumb Code    78  bmpiic.o(i.IIC_Send_Byte)
    IIC_Start                                0x08002621   Thumb Code    60  bmpiic.o(i.IIC_Start)
    IIC_Stop                                 0x08002669   Thumb Code    58  bmpiic.o(i.IIC_Stop)
    IIC_Wait_Ack                             0x080026b1   Thumb Code    86  bmpiic.o(i.IIC_Wait_Ack)
    IMU_Processing                           0x08002715   Thumb Code   226  task.o(i.IMU_Processing)
    IMUupdate                                0x08002821   Thumb Code  1628  imu.o(i.IMUupdate)
    IWDG_Enable                              0x08002ea9   Thumb Code    10  stm32f10x_iwdg.o(i.IWDG_Enable)
    IWDG_Init                                0x08002eb9   Thumb Code    34  iwdg.o(i.IWDG_Init)
    IWDG_ReloadCounter                       0x08002edd   Thumb Code    10  stm32f10x_iwdg.o(i.IWDG_ReloadCounter)
    IWDG_SetPrescaler                        0x08002eed   Thumb Code     6  stm32f10x_iwdg.o(i.IWDG_SetPrescaler)
    IWDG_SetReload                           0x08002ef9   Thumb Code     6  stm32f10x_iwdg.o(i.IWDG_SetReload)
    IWDG_WriteAccessCmd                      0x08002f05   Thumb Code     6  stm32f10x_iwdg.o(i.IWDG_WriteAccessCmd)
    LED_GPIO_Config                          0x08002f11   Thumb Code    38  led.o(i.LED_GPIO_Config)
    LED_SELECT                               0x08002f3d   Thumb Code   252  led.o(i.LED_SELECT)
    Lock_And_Unlock                          0x0800303d   Thumb Code   268  task.o(i.Lock_And_Unlock)
    MPU_Get_Accelerometer                    0x08003161   Thumb Code    80  mpu6050.o(i.MPU_Get_Accelerometer)
    MPU_Get_Gyroscope                        0x080031b1   Thumb Code    80  mpu6050.o(i.MPU_Get_Gyroscope)
    MPU_IIC_Ack                              0x08003201   Thumb Code    62  mpuiic.o(i.MPU_IIC_Ack)
    MPU_IIC_Delay                            0x0800324d   Thumb Code    20  mpuiic.o(i.MPU_IIC_Delay)
    MPU_IIC_Init                             0x08003261   Thumb Code    46  mpuiic.o(i.MPU_IIC_Init)
    MPU_IIC_NAck                             0x08003295   Thumb Code    62  mpuiic.o(i.MPU_IIC_NAck)
    MPU_IIC_Read_Byte                        0x080032e1   Thumb Code    94  mpuiic.o(i.MPU_IIC_Read_Byte)
    MPU_IIC_Send_Byte                        0x0800334d   Thumb Code    78  mpuiic.o(i.MPU_IIC_Send_Byte)
    MPU_IIC_Start                            0x080033a9   Thumb Code    60  mpuiic.o(i.MPU_IIC_Start)
    MPU_IIC_Stop                             0x080033f1   Thumb Code    58  mpuiic.o(i.MPU_IIC_Stop)
    MPU_IIC_Wait_Ack                         0x08003439   Thumb Code    86  mpuiic.o(i.MPU_IIC_Wait_Ack)
    MPU_Init                                 0x0800349d   Thumb Code   122  mpu6050.o(i.MPU_Init)
    MPU_Read_Byte                            0x08003517   Thumb Code    58  mpu6050.o(i.MPU_Read_Byte)
    MPU_Read_Len                             0x08003551   Thumb Code   116  mpu6050.o(i.MPU_Read_Len)
    MPU_Set_Accel_Fsr                        0x080035c5   Thumb Code    16  mpu6050.o(i.MPU_Set_Accel_Fsr)
    MPU_Set_Gyro_Fsr                         0x080035d5   Thumb Code    16  mpu6050.o(i.MPU_Set_Gyro_Fsr)
    MPU_Set_LPF                              0x080035e5   Thumb Code    58  mpu6050.o(i.MPU_Set_LPF)
    MPU_Set_Rate                             0x0800361f   Thumb Code    58  mpu6050.o(i.MPU_Set_Rate)
    MPU_Write_Byte                           0x08003659   Thumb Code    68  mpu6050.o(i.MPU_Write_Byte)
    MYDMA_Config                             0x0800369d   Thumb Code    94  dma.o(i.MYDMA_Config)
    MYDMA_Enable                             0x08003709   Thumb Code    30  dma.o(i.MYDMA_Enable)
    NVIC_Capture_Config                      0x08003731   Thumb Code    60  pwm_in.o(i.NVIC_Capture_Config)
    NVIC_Config                              0x0800376d   Thumb Code    30  dma.o(i.NVIC_Config)
    NVIC_Init                                0x0800378d   Thumb Code   100  misc.o(i.NVIC_Init)
    NVIC_PriorityGroupConfig                 0x080037fd   Thumb Code    10  misc.o(i.NVIC_PriorityGroupConfig)
    Outer_Aileron                            0x08003811   Thumb Code  1330  control.o(i.Outer_Aileron)
    PID_Controller                           0x08003d65   Thumb Code   328  model.o(i.PID_Controller)
    PID_Reset                                0x08003ebd   Thumb Code    14  model.o(i.PID_Reset)
    PID_Set_Parameter                        0x08003ecd   Thumb Code  1502  task.o(i.PID_Set_Parameter)
    PWM_IN_Configuration                     0x080044cd   Thumb Code   132  pwm_in.o(i.PWM_IN_Configuration)
    PWM_OUT_Configuration                    0x08004559   Thumb Code    60  pwm_out.o(i.PWM_OUT_Configuration)
    P_Reset                                  0x0800459d   Thumb Code    26  model.o(i.P_Reset)
    Para_Init                                0x080045b9   Thumb Code   712  task.o(i.Para_Init)
    Q_rsqrt                                  0x080048f9   Thumb Code    74  mymath.o(i.Q_rsqrt)
    RCC_AHBPeriphClockCmd                    0x08004949   Thumb Code    26  stm32f10x_rcc.o(i.RCC_AHBPeriphClockCmd)
    RCC_APB1PeriphClockCmd                   0x08004969   Thumb Code    26  stm32f10x_rcc.o(i.RCC_APB1PeriphClockCmd)
    RCC_APB2PeriphClockCmd                   0x08004989   Thumb Code    26  stm32f10x_rcc.o(i.RCC_APB2PeriphClockCmd)
    RCC_GetClocksFreq                        0x080049a9   Thumb Code   192  stm32f10x_rcc.o(i.RCC_GetClocksFreq)
    Self_Test                                0x08004a7d   Thumb Code   614  task.o(i.Self_Test)
    Send_Data_To_Computer_200ms              0x08004d21   Thumb Code    70  task.o(i.Send_Data_To_Computer_200ms)
    Send_Data_To_Computer_20ms               0x08004d71   Thumb Code   372  task.o(i.Send_Data_To_Computer_20ms)
    Send_Data_To_Computer_50ms               0x08004f3d   Thumb Code     2  task.o(i.Send_Data_To_Computer_50ms)
    SysTick_Handler                          0x08005029   Thumb Code   198  main.o(i.SysTick_Handler)
    SysTick_Init                             0x080050fd   Thumb Code    90  systick.o(i.SysTick_Init)
    SystemInit                               0x08005165   Thumb Code    78  system_stm32f10x.o(i.SystemInit)
    TIM2_GPIO_Config                         0x08005405   Thumb Code    40  pwm_in.o(i.TIM2_GPIO_Config)
    TIM2_IRQHandler                          0x08005431   Thumb Code   662  pwm_in.o(i.TIM2_IRQHandler)
    TIM2_Input_config                        0x080056e1   Thumb Code   154  pwm_in.o(i.TIM2_Input_config)
    TIM2_Mode_Config                         0x0800577b   Thumb Code    46  pwm_in.o(i.TIM2_Mode_Config)
    TIM3_GPIO_Config                         0x080057a9   Thumb Code    60  pwm_out.o(i.TIM3_GPIO_Config)
    TIM3_Mode_Config                         0x080057ed   Thumb Code   188  pwm_out.o(i.TIM3_Mode_Config)
    TIM4_GPIO_Config                         0x080058ad   Thumb Code    48  pwm_out.o(i.TIM4_GPIO_Config)
    TIM4_Mode_Config                         0x080058e1   Thumb Code   188  pwm_out.o(i.TIM4_Mode_Config)
    TIM6_Config                              0x080059a1   Thumb Code    64  led.o(i.TIM6_Config)
    TIM6_IRQHandler                          0x080059e5   Thumb Code    54  led.o(i.TIM6_IRQHandler)
    TIM8_CC_IRQHandler                       0x08005a25   Thumb Code   662  pwm_in.o(i.TIM8_CC_IRQHandler)
    TIM8_GPIO_Config                         0x08005cd5   Thumb Code    42  pwm_in.o(i.TIM8_GPIO_Config)
    TIM8_Input_config                        0x08005d05   Thumb Code   146  pwm_in.o(i.TIM8_Input_config)
    TIM8_Mode_Config                         0x08005d9d   Thumb Code    44  pwm_in.o(i.TIM8_Mode_Config)
    TIM_ARRPreloadConfig                     0x08005dcd   Thumb Code    24  stm32f10x_tim.o(i.TIM_ARRPreloadConfig)
    TIM_ClearITPendingBit                    0x08005de5   Thumb Code     6  stm32f10x_tim.o(i.TIM_ClearITPendingBit)
    TIM_Cmd                                  0x08005deb   Thumb Code    24  stm32f10x_tim.o(i.TIM_Cmd)
    TIM_GetITStatus                          0x08005e03   Thumb Code    34  stm32f10x_tim.o(i.TIM_GetITStatus)
    TIM_ICInit                               0x08005e25   Thumb Code   150  stm32f10x_tim.o(i.TIM_ICInit)
    TIM_ITConfig                             0x08005ed1   Thumb Code    18  stm32f10x_tim.o(i.TIM_ITConfig)
    TIM_OC1Init                              0x08005ee5   Thumb Code   132  stm32f10x_tim.o(i.TIM_OC1Init)
    TIM_OC1PreloadConfig                     0x08005f7d   Thumb Code    18  stm32f10x_tim.o(i.TIM_OC1PreloadConfig)
    TIM_OC2Init                              0x08005f91   Thumb Code   154  stm32f10x_tim.o(i.TIM_OC2Init)
    TIM_OC2PreloadConfig                     0x08006035   Thumb Code    26  stm32f10x_tim.o(i.TIM_OC2PreloadConfig)
    TIM_OC3Init                              0x08006051   Thumb Code   150  stm32f10x_tim.o(i.TIM_OC3Init)
    TIM_OC3PreloadConfig                     0x080060f1   Thumb Code    18  stm32f10x_tim.o(i.TIM_OC3PreloadConfig)
    TIM_OC4Init                              0x08006105   Thumb Code   114  stm32f10x_tim.o(i.TIM_OC4Init)
    TIM_OC4PreloadConfig                     0x08006181   Thumb Code    26  stm32f10x_tim.o(i.TIM_OC4PreloadConfig)
    TIM_SetIC1Prescaler                      0x0800619b   Thumb Code    18  stm32f10x_tim.o(i.TIM_SetIC1Prescaler)
    TIM_SetIC2Prescaler                      0x080061ad   Thumb Code    26  stm32f10x_tim.o(i.TIM_SetIC2Prescaler)
    TIM_SetIC3Prescaler                      0x080061c7   Thumb Code    18  stm32f10x_tim.o(i.TIM_SetIC3Prescaler)
    TIM_SetIC4Prescaler                      0x080061d9   Thumb Code    26  stm32f10x_tim.o(i.TIM_SetIC4Prescaler)
    TIM_TimeBaseInit                         0x080061f5   Thumb Code   122  stm32f10x_tim.o(i.TIM_TimeBaseInit)
    USART1_IRQHandler                        0x08006299   Thumb Code    38  usart.o(i.USART1_IRQHandler)
    USART3_IRQHandler                        0x080062c9   Thumb Code   138  usart.o(i.USART3_IRQHandler)
    USART_Cmd                                0x08006369   Thumb Code    24  stm32f10x_usart.o(i.USART_Cmd)
    USART_DMACmd                             0x08006381   Thumb Code    18  stm32f10x_usart.o(i.USART_DMACmd)
    USART_GetFlagStatus                      0x08006393   Thumb Code    26  stm32f10x_usart.o(i.USART_GetFlagStatus)
    USART_ITConfig                           0x080063ad   Thumb Code    74  stm32f10x_usart.o(i.USART_ITConfig)
    USART_Init                               0x080063f9   Thumb Code   210  stm32f10x_usart.o(i.USART_Init)
    USART_ReceiveData                        0x080064d1   Thumb Code    10  stm32f10x_usart.o(i.USART_ReceiveData)
    USART_SendData                           0x080064db   Thumb Code     8  stm32f10x_usart.o(i.USART_SendData)
    Update_Iner_loop                         0x080064e5   Thumb Code  2442  control.o(i.Update_Iner_loop)
    Update_Outer_Loop                        0x08006e81   Thumb Code   428  control.o(i.Update_Outer_Loop)
    bmp180Convert                            0x08007059   Thumb Code   520  bmp180.o(i.bmp180Convert)
    fast_atan2                               0x0800727d   Thumb Code   344  mymath.o(i.fast_atan2)
    main                                     0x080073e9   Thumb Code   258  main.o(i.main)
    my_abs                                   0x080074f5   Thumb Code    24  mymath.o(i.my_abs)
    my_pow                                   0x0800750d   Thumb Code   358  mymath.o(i.my_pow)
    my_sqrt                                  0x08007679   Thumb Code   114  mymath.o(i.my_sqrt)
    pow_f                                    0x080076f1   Thumb Code   206  mymath.o(i.pow_f)
    pow_i                                    0x080077d1   Thumb Code    52  mymath.o(i.pow_i)
    uart1_init                               0x08007809   Thumb Code   152  usart.o(i.uart1_init)
    uart3_init                               0x080078a9   Thumb Code   158  usart.o(i.uart3_init)
    usart1_send_char                         0x08007951   Thumb Code    44  niming.o(i.usart1_send_char)
    __aeabi_d2f                              0x08007981   Thumb Code     0  d2f.o(x$fpl$d2f)
    _d2f                                     0x08007981   Thumb Code    98  d2f.o(x$fpl$d2f)
    __aeabi_dadd                             0x080079e5   Thumb Code     0  daddsub_clz.o(x$fpl$dadd)
    _dadd                                    0x080079e5   Thumb Code   332  daddsub_clz.o(x$fpl$dadd)
    __fpl_dcmp_Inf                           0x08007b35   Thumb Code    24  dcmpi.o(x$fpl$dcmpinf)
    __aeabi_ddiv                             0x08007b4d   Thumb Code     0  ddiv.o(x$fpl$ddiv)
    _ddiv                                    0x08007b4d   Thumb Code   552  ddiv.o(x$fpl$ddiv)
    __aeabi_cdcmpeq                          0x08007dfd   Thumb Code     0  deqf.o(x$fpl$deqf)
    _dcmpeq                                  0x08007dfd   Thumb Code   120  deqf.o(x$fpl$deqf)
    __aeabi_d2iz                             0x08007e75   Thumb Code     0  dfix.o(x$fpl$dfix)
    _dfix                                    0x08007e75   Thumb Code    94  dfix.o(x$fpl$dfix)
    __aeabi_i2d                              0x08007ed3   Thumb Code     0  dflt_clz.o(x$fpl$dflt)
    _dflt                                    0x08007ed3   Thumb Code    46  dflt_clz.o(x$fpl$dflt)
    __aeabi_ui2d                             0x08007f01   Thumb Code     0  dflt_clz.o(x$fpl$dfltu)
    _dfltu                                   0x08007f01   Thumb Code    38  dflt_clz.o(x$fpl$dfltu)
    __aeabi_cdcmple                          0x08007f29   Thumb Code     0  dleqf.o(x$fpl$dleqf)
    _dcmple                                  0x08007f29   Thumb Code   120  dleqf.o(x$fpl$dleqf)
    __fpl_dcmple_InfNaN                      0x08007f8b   Thumb Code     0  dleqf.o(x$fpl$dleqf)
    __aeabi_dmul                             0x08007fa1   Thumb Code     0  dmul.o(x$fpl$dmul)
    _dmul                                    0x08007fa1   Thumb Code   332  dmul.o(x$fpl$dmul)
    __fpl_dnaninf                            0x080080f5   Thumb Code   156  dnaninf.o(x$fpl$dnaninf)
    __fpl_dretinf                            0x08008191   Thumb Code    12  dretinf.o(x$fpl$dretinf)
    __aeabi_cdrcmple                         0x0800819d   Thumb Code     0  drleqf.o(x$fpl$drleqf)
    _drcmple                                 0x0800819d   Thumb Code   108  drleqf.o(x$fpl$drleqf)
    __aeabi_drsub                            0x08008209   Thumb Code     0  daddsub_clz.o(x$fpl$drsb)
    _drsb                                    0x08008209   Thumb Code    22  daddsub_clz.o(x$fpl$drsb)
    __aeabi_dsub                             0x08008221   Thumb Code     0  daddsub_clz.o(x$fpl$dsub)
    _dsub                                    0x08008221   Thumb Code   464  daddsub_clz.o(x$fpl$dsub)
    __aeabi_f2d                              0x080083f5   Thumb Code     0  f2d.o(x$fpl$f2d)
    _f2d                                     0x080083f5   Thumb Code    86  f2d.o(x$fpl$f2d)
    __aeabi_fadd                             0x0800844d   Thumb Code     0  faddsub_clz.o(x$fpl$fadd)
    _fadd                                    0x0800844d   Thumb Code   196  faddsub_clz.o(x$fpl$fadd)
    __fpl_fcmp_Inf                           0x08008511   Thumb Code    24  fcmpi.o(x$fpl$fcmpinf)
    __aeabi_fdiv                             0x08008529   Thumb Code     0  fdiv.o(x$fpl$fdiv)
    _fdiv                                    0x08008529   Thumb Code   384  fdiv.o(x$fpl$fdiv)
    __aeabi_cfcmpeq                          0x080086ad   Thumb Code     0  feqf.o(x$fpl$feqf)
    _fcmpeq                                  0x080086ad   Thumb Code   104  feqf.o(x$fpl$feqf)
    __aeabi_f2iz                             0x08008715   Thumb Code     0  ffix.o(x$fpl$ffix)
    _ffix                                    0x08008715   Thumb Code    54  ffix.o(x$fpl$ffix)
    __aeabi_i2f                              0x0800874d   Thumb Code     0  fflt_clz.o(x$fpl$fflt)
    _fflt                                    0x0800874d   Thumb Code    48  fflt_clz.o(x$fpl$fflt)
    __aeabi_cfcmple                          0x0800877d   Thumb Code     0  fleqf.o(x$fpl$fleqf)
    _fcmple                                  0x0800877d   Thumb Code   104  fleqf.o(x$fpl$fleqf)
    __fpl_fcmple_InfNaN                      0x080087cf   Thumb Code     0  fleqf.o(x$fpl$fleqf)
    __aeabi_fmul                             0x080087e5   Thumb Code     0  fmul.o(x$fpl$fmul)
    _fmul                                    0x080087e5   Thumb Code   258  fmul.o(x$fpl$fmul)
    __fpl_fnaninf                            0x080088e7   Thumb Code   140  fnaninf.o(x$fpl$fnaninf)
    __fpl_fretinf                            0x08008973   Thumb Code    10  fretinf.o(x$fpl$fretinf)
    __aeabi_cfrcmple                         0x0800897d   Thumb Code     0  frleqf.o(x$fpl$frleqf)
    _frcmple                                 0x0800897d   Thumb Code    98  frleqf.o(x$fpl$frleqf)
    __aeabi_frsub                            0x080089df   Thumb Code     0  faddsub_clz.o(x$fpl$frsb)
    _frsb                                    0x080089df   Thumb Code    20  faddsub_clz.o(x$fpl$frsb)
    __aeabi_fsub                             0x080089f5   Thumb Code     0  faddsub_clz.o(x$fpl$fsub)
    _fsub                                    0x080089f5   Thumb Code   234  faddsub_clz.o(x$fpl$fsub)
    __I$use$fp                               0x08008ade   Number         0  usenofp.o(x$fpl$usenofp)
    Region$$Table$$Base                      0x08008ae0   Number         0  anon$$obj.o(Region$$Table)
    Region$$Table$$Limit                     0x08008b00   Number         0  anon$$obj.o(Region$$Table)
    TotalLen                                 0x20000000   Data           2  dma.o(.data)
    TIM2Capture_STA                          0x20000002   Data           1  pwm_in.o(.data)
    TIM8Capture_STA                          0x20000003   Data           1  pwm_in.o(.data)
    t2sr                                     0x20000004   Data           2  pwm_in.o(.data)
    t8sr                                     0x20000006   Data           2  pwm_in.o(.data)
    point1                                   0x20000008   Data           2  usart.o(.data)
    ax_cali                                  0x2000000c   Data           4  imu.o(.data)
    ay_cali                                  0x20000010   Data           4  imu.o(.data)
    az_cali                                  0x20000014   Data           4  imu.o(.data)
    gx_cali                                  0x20000018   Data           2  imu.o(.data)
    gy_cali                                  0x2000001a   Data           2  imu.o(.data)
    gz_cali                                  0x2000001c   Data           2  imu.o(.data)
    sigma_a                                  0x20000020   Data           4  imu.o(.data)
    sigma_g                                  0x20000024   Data           4  imu.o(.data)
    K_roll                                   0x20000028   Data           8  imu.o(.data)
    K_pitch                                  0x20000030   Data           8  imu.o(.data)
    mmse_roll                                0x20000038   Data          16  imu.o(.data)
    mmse_pitch                               0x20000048   Data          16  imu.o(.data)
    fast_atan_table                          0x20000078   Data        1028  mymath.o(.data)
    PwmOut                                   0x2000047c   Data          16  control.o(.data)
    Time1ms                                  0x2000048c   Data           1  main.o(.data)
    Time100ms                                0x2000048d   Data           1  main.o(.data)
    TaskFlag                                 0x2000048e   Data           1  main.o(.data)
    rxdatabufer                              0x2000048f   Data           1  main.o(.data)
    point2                                   0x20000490   Data           2  main.o(.data)
    ANO_CMD                                  0x20000492   Data           1  niming.o(.data)
    AircraftMode                             0x20000498   Data           1  task.o(.data)
    WholeCommand                             0x20000499   Data           1  task.o(.data)
    Undead                                   0x2000049a   Data           1  task.o(.data)
    accx                                     0x2000049c   Data           2  task.o(.data)
    accy                                     0x2000049e   Data           2  task.o(.data)
    accz                                     0x200004a0   Data           2  task.o(.data)
    gyrox                                    0x200004a2   Data           2  task.o(.data)
    gyroy                                    0x200004a4   Data           2  task.o(.data)
    gyroz                                    0x200004a6   Data           2  task.o(.data)
    roll                                     0x200004a8   Data           4  task.o(.data)
    pitch                                    0x200004ac   Data           4  task.o(.data)
    yaw                                      0x200004b0   Data           4  task.o(.data)
    Armed                                    0x200004b4   Data           1  task.o(.data)
    PwmInTemp                                0x200004b6   Data          14  task.o(.data)
    RollBias                                 0x200004c4   Data           2  task.o(.data)
    PitchBias                                0x200004c6   Data           2  task.o(.data)
    YawBias                                  0x200004c8   Data           2  task.o(.data)
    AutoRollBias                             0x200004ca   Data           2  task.o(.data)
    AutoPitchBias                            0x200004cc   Data           2  task.o(.data)
    AutoYawBias                              0x200004ce   Data           2  task.o(.data)
    LeftPos                                  0x200004d0   Data           2  task.o(.data)
    RightPos                                 0x200004d2   Data           2  task.o(.data)
    LeftFinal                                0x200004d4   Data           2  task.o(.data)
    RightFinal                               0x200004d6   Data           2  task.o(.data)
    LeftServoIndex                           0x200004d8   Data           4  task.o(.data)
    RightServoIndex                          0x200004dc   Data           4  task.o(.data)
    SystemCoreClock                          0x200004f8   Data           4  system_stm32f10x.o(.data)
    AHBPrescTable                            0x200004fc   Data          16  system_stm32f10x.o(.data)
    SendBuff                                 0x2000050c   Data        1024  dma.o(.bss)
    PwmIn                                    0x2000090c   Data          16  pwm_in.o(.bss)
    Rise                                     0x2000091c   Data          16  pwm_in.o(.bss)
    Drop                                     0x2000092c   Data          16  pwm_in.o(.bss)
    USART1_RxBuffer                          0x2000093c   Data          20  usart.o(.bss)
    USART3_RxBuffer                          0x20000950   Data          20  usart.o(.bss)
    USART_RX_BUF                             0x20000964   Data         200  usart.o(.bss)
    mPmse_roll                               0x20000a2c   Data          16  imu.o(.bss)
    mPmse_pitch                              0x20000a3c   Data          16  imu.o(.bss)
    bmp180                                   0x20000a4c   Data          80  bmp180.o(.bss)
    beidou                                   0x20000a9c   Data          16  bd.o(.bss)
    Save_Data                                0x20000aac   Data         121  bd.o(.bss)
    data_to_send                             0x20000b26   Data          30  niming.o(.bss)
    PIDReceiveTemp                           0x20000b44   Data         108  niming.o(.bss)
    FlyData                                  0x20000bb0   Data          20  niming.o(.bss)
    PidOuterRoll                             0x20000bc4   Data          36  task.o(.bss)
    PidOuterPitch                            0x20000be8   Data          36  task.o(.bss)
    PidInerRoll                              0x20000c0c   Data          36  task.o(.bss)
    PidInerPitch                             0x20000c30   Data          36  task.o(.bss)
    pRoll                                    0x20000c54   Data          16  task.o(.bss)
    pPitch                                   0x20000c64   Data          16  task.o(.bss)
    pYaw                                     0x20000c74   Data          16  task.o(.bss)
    __libspace_start                         0x20000c84   Data          96  libspace.o(.bss)
    __temporary_stack_top$libspace           0x20000ce4   Data           0  libspace.o(.bss)



==============================================================================

Memory Map of the image

  Image Entry point : 0x08000131

  Load Region LR_IROM1 (Base: 0x08000000, Size: 0x0000900c, Max: 0x00080000, ABSOLUTE, COMPRESSED[0x00008f40])

    Execution Region ER_IROM1 (Base: 0x08000000, Size: 0x00008b00, Max: 0x00080000, ABSOLUTE)

    Base Addr    Size         Type   Attr      Idx    E Section Name        Object

    0x08000000   0x00000130   Data   RO         2545    RESET               startup_stm32f10x_hd.o
    0x08000130   0x00000008   Code   RO         2636  * !!!main             c_w.l(__main.o)
    0x08000138   0x00000034   Code   RO         3059    !!!scatter          c_w.l(__scatter.o)
    0x0800016c   0x0000005a   Code   RO         3057    !!dczerorl2         c_w.l(__dczerorl2.o)
    0x080001c6   0x00000002   PAD
    0x080001c8   0x0000001c   Code   RO         3061    !!handler_zi        c_w.l(__scatter_zi.o)
    0x080001e4   0x00000002   Code   RO         2849    .ARM.Collect$$libinit$$00000000  c_w.l(libinit.o)
    0x080001e6   0x00000000   Code   RO         2851    .ARM.Collect$$libinit$$00000002  c_w.l(libinit2.o)
    0x080001e6   0x00000000   Code   RO         2853    .ARM.Collect$$libinit$$00000004  c_w.l(libinit2.o)
    0x080001e6   0x00000000   Code   RO         2856    .ARM.Collect$$libinit$$0000000A  c_w.l(libinit2.o)
    0x080001e6   0x00000000   Code   RO         2858    .ARM.Collect$$libinit$$0000000C  c_w.l(libinit2.o)
    0x080001e6   0x00000000   Code   RO         2860    .ARM.Collect$$libinit$$0000000E  c_w.l(libinit2.o)
    0x080001e6   0x00000000   Code   RO         2863    .ARM.Collect$$libinit$$00000011  c_w.l(libinit2.o)
    0x080001e6   0x00000000   Code   RO         2865    .ARM.Collect$$libinit$$00000013  c_w.l(libinit2.o)
    0x080001e6   0x00000000   Code   RO         2867    .ARM.Collect$$libinit$$00000015  c_w.l(libinit2.o)
    0x080001e6   0x00000000   Code   RO         2869    .ARM.Collect$$libinit$$00000017  c_w.l(libinit2.o)
    0x080001e6   0x00000000   Code   RO         2871    .ARM.Collect$$libinit$$00000019  c_w.l(libinit2.o)
    0x080001e6   0x00000000   Code   RO         2873    .ARM.Collect$$libinit$$0000001B  c_w.l(libinit2.o)
    0x080001e6   0x00000000   Code   RO         2875    .ARM.Collect$$libinit$$0000001D  c_w.l(libinit2.o)
    0x080001e6   0x00000000   Code   RO         2877    .ARM.Collect$$libinit$$0000001F  c_w.l(libinit2.o)
    0x080001e6   0x00000000   Code   RO         2879    .ARM.Collect$$libinit$$00000021  c_w.l(libinit2.o)
    0x080001e6   0x00000000   Code   RO         2881    .ARM.Collect$$libinit$$00000023  c_w.l(libinit2.o)
    0x080001e6   0x00000000   Code   RO         2883    .ARM.Collect$$libinit$$00000025  c_w.l(libinit2.o)
    0x080001e6   0x00000000   Code   RO         2887    .ARM.Collect$$libinit$$0000002C  c_w.l(libinit2.o)
    0x080001e6   0x00000000   Code   RO         2889    .ARM.Collect$$libinit$$0000002E  c_w.l(libinit2.o)
    0x080001e6   0x00000000   Code   RO         2891    .ARM.Collect$$libinit$$00000030  c_w.l(libinit2.o)
    0x080001e6   0x00000000   Code   RO         2893    .ARM.Collect$$libinit$$00000032  c_w.l(libinit2.o)
    0x080001e6   0x00000002   Code   RO         2894    .ARM.Collect$$libinit$$00000033  c_w.l(libinit2.o)
    0x080001e8   0x00000002   Code   RO         3036    .ARM.Collect$$libshutdown$$00000000  c_w.l(libshutdown.o)
    0x080001ea   0x00000000   Code   RO         2897    .ARM.Collect$$libshutdown$$00000003  c_w.l(libshutdown2.o)
    0x080001ea   0x00000000   Code   RO         2900    .ARM.Collect$$libshutdown$$00000006  c_w.l(libshutdown2.o)
    0x080001ea   0x00000000   Code   RO         2903    .ARM.Collect$$libshutdown$$00000009  c_w.l(libshutdown2.o)
    0x080001ea   0x00000000   Code   RO         2905    .ARM.Collect$$libshutdown$$0000000B  c_w.l(libshutdown2.o)
    0x080001ea   0x00000000   Code   RO         2908    .ARM.Collect$$libshutdown$$0000000E  c_w.l(libshutdown2.o)
    0x080001ea   0x00000002   Code   RO         2909    .ARM.Collect$$libshutdown$$0000000F  c_w.l(libshutdown2.o)
    0x080001ec   0x00000000   Code   RO         2698    .ARM.Collect$$rtentry$$00000000  c_w.l(__rtentry.o)
    0x080001ec   0x00000000   Code   RO         2728    .ARM.Collect$$rtentry$$00000002  c_w.l(__rtentry2.o)
    0x080001ec   0x00000006   Code   RO         2740    .ARM.Collect$$rtentry$$00000004  c_w.l(__rtentry4.o)
    0x080001f2   0x00000000   Code   RO         2730    .ARM.Collect$$rtentry$$00000009  c_w.l(__rtentry2.o)
    0x080001f2   0x00000004   Code   RO         2731    .ARM.Collect$$rtentry$$0000000A  c_w.l(__rtentry2.o)
    0x080001f6   0x00000000   Code   RO         2733    .ARM.Collect$$rtentry$$0000000C  c_w.l(__rtentry2.o)
    0x080001f6   0x00000008   Code   RO         2734    .ARM.Collect$$rtentry$$0000000D  c_w.l(__rtentry2.o)
    0x080001fe   0x00000002   Code   RO         2918    .ARM.Collect$$rtexit$$00000000  c_w.l(rtexit.o)
    0x08000200   0x00000000   Code   RO         2974    .ARM.Collect$$rtexit$$00000002  c_w.l(rtexit2.o)
    0x08000200   0x00000004   Code   RO         2975    .ARM.Collect$$rtexit$$00000003  c_w.l(rtexit2.o)
    0x08000204   0x00000006   Code   RO         2976    .ARM.Collect$$rtexit$$00000004  c_w.l(rtexit2.o)
    0x0800020a   0x00000002   PAD
    0x0800020c   0x00000040   Code   RO         2546    .text               startup_stm32f10x_hd.o
    0x0800024c   0x0000008a   Code   RO         2630    .text               c_w.l(rt_memcpy_v6.o)
    0x080002d6   0x00000044   Code   RO         2632    .text               c_w.l(rt_memclr.o)
    0x0800031a   0x00000006   Code   RO         2634    .text               c_w.l(heapauxi.o)
    0x08000320   0x00000064   Code   RO         2710    .text               c_w.l(rt_memcpy_w.o)
    0x08000384   0x0000004e   Code   RO         2712    .text               c_w.l(rt_memclr_w.o)
    0x080003d2   0x0000004a   Code   RO         2765    .text               c_w.l(sys_stackheap_outer.o)
    0x0800041c   0x0000000c   Code   RO         2838    .text               c_w.l(exit.o)
    0x08000428   0x00000008   Code   RO         2912    .text               c_w.l(libspace.o)
    0x08000430   0x00000002   Code   RO         2915    .text               c_w.l(use_no_semi.o)
    0x08000432   0x00000000   Code   RO         2917    .text               c_w.l(indicate_semi.o)
    0x08000432   0x00000002   PAD
    0x08000434   0x0000000c   Code   RO         2971    .text               c_w.l(sys_exit.o)
    0x08000440   0x0000020c   Code   RO         1107    i.ANO_DT_Send_PID   niming.o
    0x0800064c   0x00000164   Code   RO         1108    i.ANO_DT_Send_RCData  niming.o
    0x080007b0   0x0000019c   Code   RO         1109    i.ANO_DT_Send_Senser  niming.o
    0x0800094c   0x00000154   Code   RO         1110    i.ANO_DT_Send_Status  niming.o
    0x08000aa0   0x00000244   Code   RO         1111    i.ANO_Data_Receive_Anl  niming.o
    0x08000ce4   0x000000a8   Code   RO         1112    i.ANO_Data_Receive_Prepare  niming.o
    0x08000d8c   0x00000068   Code   RO         1113    i.ANO_Send_Check    niming.o
    0x08000df4   0x00000090   Code   RO         1114    i.ANO_Send_User_Data  niming.o
    0x08000e84   0x000000b0   Code   RO          447    i.Acc_Calibrate     imu.o
    0x08000f34   0x00000178   Code   RO          448    i.Acc_Get_ErrData   imu.o
    0x080010ac   0x00000dac   Code   RO          968    i.Aileron_Control   control.o
    0x08001e58   0x00000002   Code   RO          916    i.BEIDOU_Update     bd.o
    0x08001e5a   0x00000002   PAD
    0x08001e5c   0x00000080   Code   RO          859    i.BMP_Init          bmp180.o
    0x08001edc   0x0000004c   Code   RO          861    i.BMP_ReadTwoByte   bmp180.o
    0x08001f28   0x0000002e   Code   RO          862    i.BMP_WriteOneByte  bmp180.o
    0x08001f56   0x00000002   Code   RO          917    i.Beidou_Data_Receive_Prepare  bd.o
    0x08001f58   0x0000001e   Code   RO            4    i.DMA1_Channel4_IRQHandler  dma.o
    0x08001f76   0x00000002   PAD
    0x08001f78   0x0000001c   Code   RO         1318    i.DMA_ClearFlag     stm32f10x_dma.o
    0x08001f94   0x00000018   Code   RO         1320    i.DMA_Cmd           stm32f10x_dma.o
    0x08001fac   0x0000014c   Code   RO         1321    i.DMA_DeInit        stm32f10x_dma.o
    0x080020f8   0x0000002c   Code   RO         1323    i.DMA_GetFlagStatus  stm32f10x_dma.o
    0x08002124   0x00000012   Code   RO         1325    i.DMA_ITConfig      stm32f10x_dma.o
    0x08002136   0x0000003c   Code   RO         1326    i.DMA_Init          stm32f10x_dma.o
    0x08002172   0x00000002   PAD
    0x08002174   0x0000003c   Code   RO            5    i.DMA_Stuff         dma.o
    0x080021b0   0x0000001e   Code   RO         1070    i.Delay_ms          model.o
    0x080021ce   0x00000116   Code   RO         1408    i.GPIO_Init         stm32f10x_gpio.o
    0x080022e4   0x00000090   Code   RO         1410    i.GPIO_PinRemapConfig  stm32f10x_gpio.o
    0x08002374   0x00000004   Code   RO         1416    i.GPIO_SetBits      stm32f10x_gpio.o
    0x08002378   0x0000000a   Code   RO         1419    i.GPIO_WriteBit     stm32f10x_gpio.o
    0x08002382   0x00000002   PAD
    0x08002384   0x000000dc   Code   RO          449    i.Gyro_Get_ErrData  imu.o
    0x08002460   0x0000004c   Code   RO          784    i.IIC_Ack           bmpiic.o
    0x080024ac   0x00000014   Code   RO          785    i.IIC_Delay         bmpiic.o
    0x080024c0   0x0000004c   Code   RO          786    i.IIC_Init          bmpiic.o
    0x0800250c   0x0000004c   Code   RO          787    i.IIC_NAck          bmpiic.o
    0x08002558   0x0000006c   Code   RO          788    i.IIC_Read_Byte     bmpiic.o
    0x080025c4   0x0000005c   Code   RO          789    i.IIC_Send_Byte     bmpiic.o
    0x08002620   0x00000048   Code   RO          790    i.IIC_Start         bmpiic.o
    0x08002668   0x00000048   Code   RO          791    i.IIC_Stop          bmpiic.o
    0x080026b0   0x00000064   Code   RO          792    i.IIC_Wait_Ack      bmpiic.o
    0x08002714   0x0000010c   Code   RO         1197    i.IMU_Processing    task.o
    0x08002820   0x00000688   Code   RO          450    i.IMUupdate         imu.o
    0x08002ea8   0x00000010   Code   RO         1528    i.IWDG_Enable       stm32f10x_iwdg.o
    0x08002eb8   0x00000022   Code   RO          109    i.IWDG_Init         iwdg.o
    0x08002eda   0x00000002   PAD
    0x08002edc   0x00000010   Code   RO         1530    i.IWDG_ReloadCounter  stm32f10x_iwdg.o
    0x08002eec   0x0000000c   Code   RO         1531    i.IWDG_SetPrescaler  stm32f10x_iwdg.o
    0x08002ef8   0x0000000c   Code   RO         1532    i.IWDG_SetReload    stm32f10x_iwdg.o
    0x08002f04   0x0000000c   Code   RO         1533    i.IWDG_WriteAccessCmd  stm32f10x_iwdg.o
    0x08002f10   0x0000002c   Code   RO          136    i.LED_GPIO_Config   led.o
    0x08002f3c   0x00000100   Code   RO          137    i.LED_SELECT        led.o
    0x0800303c   0x00000124   Code   RO         1198    i.Lock_And_Unlock   task.o
    0x08003160   0x00000050   Code   RO          499    i.MPU_Get_Accelerometer  mpu6050.o
    0x080031b0   0x00000050   Code   RO          500    i.MPU_Get_Gyroscope  mpu6050.o
    0x08003200   0x0000004c   Code   RO          595    i.MPU_IIC_Ack       mpuiic.o
    0x0800324c   0x00000014   Code   RO          596    i.MPU_IIC_Delay     mpuiic.o
    0x08003260   0x00000034   Code   RO          597    i.MPU_IIC_Init      mpuiic.o
    0x08003294   0x0000004c   Code   RO          598    i.MPU_IIC_NAck      mpuiic.o
    0x080032e0   0x0000006c   Code   RO          599    i.MPU_IIC_Read_Byte  mpuiic.o
    0x0800334c   0x0000005c   Code   RO          600    i.MPU_IIC_Send_Byte  mpuiic.o
    0x080033a8   0x00000048   Code   RO          601    i.MPU_IIC_Start     mpuiic.o
    0x080033f0   0x00000048   Code   RO          602    i.MPU_IIC_Stop      mpuiic.o
    0x08003438   0x00000064   Code   RO          603    i.MPU_IIC_Wait_Ack  mpuiic.o
    0x0800349c   0x0000007a   Code   RO          502    i.MPU_Init          mpu6050.o
    0x08003516   0x0000003a   Code   RO          503    i.MPU_Read_Byte     mpu6050.o
    0x08003550   0x00000074   Code   RO          504    i.MPU_Read_Len      mpu6050.o
    0x080035c4   0x00000010   Code   RO          505    i.MPU_Set_Accel_Fsr  mpu6050.o
    0x080035d4   0x00000010   Code   RO          506    i.MPU_Set_Gyro_Fsr  mpu6050.o
    0x080035e4   0x0000003a   Code   RO          507    i.MPU_Set_LPF       mpu6050.o
    0x0800361e   0x0000003a   Code   RO          508    i.MPU_Set_Rate      mpu6050.o
    0x08003658   0x00000044   Code   RO          509    i.MPU_Write_Byte    mpu6050.o
    0x0800369c   0x0000006c   Code   RO            6    i.MYDMA_Config      dma.o
    0x08003708   0x00000028   Code   RO            7    i.MYDMA_Enable      dma.o
    0x08003730   0x0000003c   Code   RO          224    i.NVIC_Capture_Config  pwm_in.o
    0x0800376c   0x0000001e   Code   RO            8    i.NVIC_Config       dma.o
    0x0800378a   0x00000002   PAD
    0x0800378c   0x00000070   Code   RO         1270    i.NVIC_Init         misc.o
    0x080037fc   0x00000014   Code   RO         1271    i.NVIC_PriorityGroupConfig  misc.o
    0x08003810   0x00000554   Code   RO          969    i.Outer_Aileron     control.o
    0x08003d64   0x00000158   Code   RO         1071    i.PID_Controller    model.o
    0x08003ebc   0x0000000e   Code   RO         1072    i.PID_Reset         model.o
    0x08003eca   0x00000002   PAD
    0x08003ecc   0x00000600   Code   RO         1199    i.PID_Set_Parameter  task.o
    0x080044cc   0x0000008c   Code   RO          225    i.PWM_IN_Configuration  pwm_in.o
    0x08004558   0x00000044   Code   RO          309    i.PWM_OUT_Configuration  pwm_out.o
    0x0800459c   0x0000001a   Code   RO         1073    i.P_Reset           model.o
    0x080045b6   0x00000002   PAD
    0x080045b8   0x00000340   Code   RO         1200    i.Para_Init         task.o
    0x080048f8   0x00000050   Code   RO          667    i.Q_rsqrt           mymath.o
    0x08004948   0x00000020   Code   RO         1583    i.RCC_AHBPeriphClockCmd  stm32f10x_rcc.o
    0x08004968   0x00000020   Code   RO         1584    i.RCC_APB1PeriphClockCmd  stm32f10x_rcc.o
    0x08004988   0x00000020   Code   RO         1586    i.RCC_APB2PeriphClockCmd  stm32f10x_rcc.o
    0x080049a8   0x000000d4   Code   RO         1594    i.RCC_GetClocksFreq  stm32f10x_rcc.o
    0x08004a7c   0x000002a4   Code   RO         1201    i.Self_Test         task.o
    0x08004d20   0x00000050   Code   RO         1202    i.Send_Data_To_Computer_200ms  task.o
    0x08004d70   0x000001cc   Code   RO         1203    i.Send_Data_To_Computer_20ms  task.o
    0x08004f3c   0x00000002   Code   RO         1204    i.Send_Data_To_Computer_50ms  task.o
    0x08004f3e   0x00000008   Code   RO         2553    i.SetSysClock       system_stm32f10x.o
    0x08004f46   0x00000002   PAD
    0x08004f48   0x000000e0   Code   RO         2554    i.SetSysClockTo72   system_stm32f10x.o
    0x08005028   0x000000d4   Code   RO         1021    i.SysTick_Handler   main.o
    0x080050fc   0x00000068   Code   RO          360    i.SysTick_Init      systick.o
    0x08005164   0x00000060   Code   RO         2556    i.SystemInit        system_stm32f10x.o
    0x080051c4   0x00000080   Code   RO         1794    i.TI1_Config        stm32f10x_tim.o
    0x08005244   0x00000098   Code   RO         1795    i.TI2_Config        stm32f10x_tim.o
    0x080052dc   0x00000090   Code   RO         1796    i.TI3_Config        stm32f10x_tim.o
    0x0800536c   0x00000098   Code   RO         1797    i.TI4_Config        stm32f10x_tim.o
    0x08005404   0x0000002c   Code   RO          226    i.TIM2_GPIO_Config  pwm_in.o
    0x08005430   0x000002b0   Code   RO          227    i.TIM2_IRQHandler   pwm_in.o
    0x080056e0   0x0000009a   Code   RO          228    i.TIM2_Input_config  pwm_in.o
    0x0800577a   0x0000002e   Code   RO          229    i.TIM2_Mode_Config  pwm_in.o
    0x080057a8   0x00000044   Code   RO          310    i.TIM3_GPIO_Config  pwm_out.o
    0x080057ec   0x000000c0   Code   RO          311    i.TIM3_Mode_Config  pwm_out.o
    0x080058ac   0x00000034   Code   RO          312    i.TIM4_GPIO_Config  pwm_out.o
    0x080058e0   0x000000c0   Code   RO          313    i.TIM4_Mode_Config  pwm_out.o
    0x080059a0   0x00000044   Code   RO          139    i.TIM6_Config       led.o
    0x080059e4   0x00000040   Code   RO          140    i.TIM6_IRQHandler   led.o
    0x08005a24   0x000002b0   Code   RO          230    i.TIM8_CC_IRQHandler  pwm_in.o
    0x08005cd4   0x00000030   Code   RO          231    i.TIM8_GPIO_Config  pwm_in.o
    0x08005d04   0x00000098   Code   RO          232    i.TIM8_Input_config  pwm_in.o
    0x08005d9c   0x00000030   Code   RO          233    i.TIM8_Mode_Config  pwm_in.o
    0x08005dcc   0x00000018   Code   RO         1798    i.TIM_ARRPreloadConfig  stm32f10x_tim.o
    0x08005de4   0x00000006   Code   RO         1805    i.TIM_ClearITPendingBit  stm32f10x_tim.o
    0x08005dea   0x00000018   Code   RO         1810    i.TIM_Cmd           stm32f10x_tim.o
    0x08005e02   0x00000022   Code   RO         1831    i.TIM_GetITStatus   stm32f10x_tim.o
    0x08005e24   0x000000ac   Code   RO         1833    i.TIM_ICInit        stm32f10x_tim.o
    0x08005ed0   0x00000012   Code   RO         1835    i.TIM_ITConfig      stm32f10x_tim.o
    0x08005ee2   0x00000002   PAD
    0x08005ee4   0x00000098   Code   RO         1839    i.TIM_OC1Init       stm32f10x_tim.o
    0x08005f7c   0x00000012   Code   RO         1842    i.TIM_OC1PreloadConfig  stm32f10x_tim.o
    0x08005f8e   0x00000002   PAD
    0x08005f90   0x000000a4   Code   RO         1844    i.TIM_OC2Init       stm32f10x_tim.o
    0x08006034   0x0000001a   Code   RO         1847    i.TIM_OC2PreloadConfig  stm32f10x_tim.o
    0x0800604e   0x00000002   PAD
    0x08006050   0x000000a0   Code   RO         1849    i.TIM_OC3Init       stm32f10x_tim.o
    0x080060f0   0x00000012   Code   RO         1852    i.TIM_OC3PreloadConfig  stm32f10x_tim.o
    0x08006102   0x00000002   PAD
    0x08006104   0x0000007c   Code   RO         1854    i.TIM_OC4Init       stm32f10x_tim.o
    0x08006180   0x0000001a   Code   RO         1856    i.TIM_OC4PreloadConfig  stm32f10x_tim.o
    0x0800619a   0x00000012   Code   RO         1876    i.TIM_SetIC1Prescaler  stm32f10x_tim.o
    0x080061ac   0x0000001a   Code   RO         1877    i.TIM_SetIC2Prescaler  stm32f10x_tim.o
    0x080061c6   0x00000012   Code   RO         1878    i.TIM_SetIC3Prescaler  stm32f10x_tim.o
    0x080061d8   0x0000001a   Code   RO         1879    i.TIM_SetIC4Prescaler  stm32f10x_tim.o
    0x080061f2   0x00000002   PAD
    0x080061f4   0x000000a4   Code   RO         1881    i.TIM_TimeBaseInit  stm32f10x_tim.o
    0x08006298   0x00000030   Code   RO          391    i.USART1_IRQHandler  usart.o
    0x080062c8   0x000000a0   Code   RO          392    i.USART3_IRQHandler  usart.o
    0x08006368   0x00000018   Code   RO         2358    i.USART_Cmd         stm32f10x_usart.o
    0x08006380   0x00000012   Code   RO         2359    i.USART_DMACmd      stm32f10x_usart.o
    0x08006392   0x0000001a   Code   RO         2361    i.USART_GetFlagStatus  stm32f10x_usart.o
    0x080063ac   0x0000004a   Code   RO         2364    i.USART_ITConfig    stm32f10x_usart.o
    0x080063f6   0x00000002   PAD
    0x080063f8   0x000000d8   Code   RO         2365    i.USART_Init        stm32f10x_usart.o
    0x080064d0   0x0000000a   Code   RO         2372    i.USART_ReceiveData  stm32f10x_usart.o
    0x080064da   0x00000008   Code   RO         2375    i.USART_SendData    stm32f10x_usart.o
    0x080064e2   0x00000002   PAD
    0x080064e4   0x0000099c   Code   RO          970    i.Update_Iner_loop  control.o
    0x08006e80   0x000001d8   Code   RO          971    i.Update_Outer_Loop  control.o
    0x08007058   0x00000224   Code   RO          863    i.bmp180Convert     bmp180.o
    0x0800727c   0x0000016c   Code   RO          670    i.fast_atan2        mymath.o
    0x080073e8   0x0000010c   Code   RO         1022    i.main              main.o
    0x080074f4   0x00000018   Code   RO          673    i.my_abs            mymath.o
    0x0800750c   0x0000016c   Code   RO          679    i.my_pow            mymath.o
    0x08007678   0x00000078   Code   RO          680    i.my_sqrt           mymath.o
    0x080076f0   0x000000e0   Code   RO          681    i.pow_f             mymath.o
    0x080077d0   0x00000038   Code   RO          682    i.pow_i             mymath.o
    0x08007808   0x000000a0   Code   RO          393    i.uart1_init        usart.o
    0x080078a8   0x000000a8   Code   RO          394    i.uart3_init        usart.o
    0x08007950   0x00000030   Code   RO         1116    i.usart1_send_char  niming.o
    0x08007980   0x00000062   Code   RO         2638    x$fpl$d2f           fz_ws.l(d2f.o)
    0x080079e2   0x00000002   PAD
    0x080079e4   0x00000150   Code   RO         2640    x$fpl$dadd          fz_ws.l(daddsub_clz.o)
    0x08007b34   0x00000018   Code   RO         2714    x$fpl$dcmpinf       fz_ws.l(dcmpi.o)
    0x08007b4c   0x000002b0   Code   RO         2647    x$fpl$ddiv          fz_ws.l(ddiv.o)
    0x08007dfc   0x00000078   Code   RO         2650    x$fpl$deqf          fz_ws.l(deqf.o)
    0x08007e74   0x0000005e   Code   RO         2652    x$fpl$dfix          fz_ws.l(dfix.o)
    0x08007ed2   0x0000002e   Code   RO         2657    x$fpl$dflt          fz_ws.l(dflt_clz.o)
    0x08007f00   0x00000026   Code   RO         2656    x$fpl$dfltu         fz_ws.l(dflt_clz.o)
    0x08007f26   0x00000002   PAD
    0x08007f28   0x00000078   Code   RO         2662    x$fpl$dleqf         fz_ws.l(dleqf.o)
    0x08007fa0   0x00000154   Code   RO         2664    x$fpl$dmul          fz_ws.l(dmul.o)
    0x080080f4   0x0000009c   Code   RO         2716    x$fpl$dnaninf       fz_ws.l(dnaninf.o)
    0x08008190   0x0000000c   Code   RO         2718    x$fpl$dretinf       fz_ws.l(dretinf.o)
    0x0800819c   0x0000006c   Code   RO         2666    x$fpl$drleqf        fz_ws.l(drleqf.o)
    0x08008208   0x00000016   Code   RO         2641    x$fpl$drsb          fz_ws.l(daddsub_clz.o)
    0x0800821e   0x00000002   PAD
    0x08008220   0x000001d4   Code   RO         2642    x$fpl$dsub          fz_ws.l(daddsub_clz.o)
    0x080083f4   0x00000056   Code   RO         2668    x$fpl$f2d           fz_ws.l(f2d.o)
    0x0800844a   0x00000002   PAD
    0x0800844c   0x000000c4   Code   RO         2670    x$fpl$fadd          fz_ws.l(faddsub_clz.o)
    0x08008510   0x00000018   Code   RO         2720    x$fpl$fcmpinf       fz_ws.l(fcmpi.o)
    0x08008528   0x00000184   Code   RO         2677    x$fpl$fdiv          fz_ws.l(fdiv.o)
    0x080086ac   0x00000068   Code   RO         2680    x$fpl$feqf          fz_ws.l(feqf.o)
    0x08008714   0x00000036   Code   RO         2682    x$fpl$ffix          fz_ws.l(ffix.o)
    0x0800874a   0x00000002   PAD
    0x0800874c   0x00000030   Code   RO         2687    x$fpl$fflt          fz_ws.l(fflt_clz.o)
    0x0800877c   0x00000068   Code   RO         2692    x$fpl$fleqf         fz_ws.l(fleqf.o)
    0x080087e4   0x00000102   Code   RO         2694    x$fpl$fmul          fz_ws.l(fmul.o)
    0x080088e6   0x0000008c   Code   RO         2722    x$fpl$fnaninf       fz_ws.l(fnaninf.o)
    0x08008972   0x0000000a   Code   RO         2724    x$fpl$fretinf       fz_ws.l(fretinf.o)
    0x0800897c   0x00000062   Code   RO         2696    x$fpl$frleqf        fz_ws.l(frleqf.o)
    0x080089de   0x00000014   Code   RO         2671    x$fpl$frsb          fz_ws.l(faddsub_clz.o)
    0x080089f2   0x00000002   PAD
    0x080089f4   0x000000ea   Code   RO         2672    x$fpl$fsub          fz_ws.l(faddsub_clz.o)
    0x08008ade   0x00000000   Code   RO         2726    x$fpl$usenofp       fz_ws.l(usenofp.o)
    0x08008ade   0x00000002   PAD
    0x08008ae0   0x00000020   Data   RO         3055    Region$$Table       anon$$obj.o


    Execution Region RW_IRAM1 (Base: 0x20000000, Size: 0x000012e8, Max: 0x00010000, ABSOLUTE, COMPRESSED[0x00000440])

    Base Addr    Size         Type   Attr      Idx    E Section Name        Object

    0x20000000   0x00000002   Data   RW           10    .data               dma.o
    0x20000002   0x00000006   Data   RW          235    .data               pwm_in.o
    0x20000008   0x00000002   Data   RW          396    .data               usart.o
    0x2000000a   0x00000002   PAD
    0x2000000c   0x0000006c   Data   RW          452    .data               imu.o
    0x20000078   0x00000404   Data   RW          683    .data               mymath.o
    0x2000047c   0x00000010   Data   RW          972    .data               control.o
    0x2000048c   0x00000006   Data   RW         1023    .data               main.o
    0x20000492   0x00000004   Data   RW         1118    .data               niming.o
    0x20000496   0x00000002   PAD
    0x20000498   0x0000004c   Data   RW         1206    .data               task.o
    0x200004e4   0x00000014   Data   RW         1614    .data               stm32f10x_rcc.o
    0x200004f8   0x00000014   Data   RW         2557    .data               system_stm32f10x.o
    0x2000050c   0x00000400   Zero   RW            9    .bss                dma.o
    0x2000090c   0x00000030   Zero   RW          234    .bss                pwm_in.o
    0x2000093c   0x000000f0   Zero   RW          395    .bss                usart.o
    0x20000a2c   0x00000020   Zero   RW          451    .bss                imu.o
    0x20000a4c   0x00000050   Zero   RW          864    .bss                bmp180.o
    0x20000a9c   0x00000089   Zero   RW          920    .bss                bd.o
    0x20000b25   0x00000001   PAD
    0x20000b26   0x0000009e   Zero   RW         1117    .bss                niming.o
    0x20000bc4   0x000000c0   Zero   RW         1205    .bss                task.o
    0x20000c84   0x00000060   Zero   RW         2913    .bss                c_w.l(libspace.o)
    0x20000ce4   0x00000004   PAD
    0x20000ce8   0x00000200   Zero   RW         2544    HEAP                startup_stm32f10x_hd.o
    0x20000ee8   0x00000400   Zero   RW         2543    STACK               startup_stm32f10x_hd.o

